Product: MDK-ARM Standard 5.10
Component: ARM Compiler 5.04 update 1 (build 49)
Tool: armlink [5040049]

==============================================================================

Section Cross References

    main.o(i.OSSem_init) refers to os_sem.o(i.OSSemCreate) for OSSemCreate
    main.o(i.OSSem_init) refers to logictask.o(.data) for Com1_rx_sem
    main.o(i.main) refers to bsp.o(i.BSP_init) for BSP_init
    main.o(i.main) refers to os_core.o(i.OSInit) for OSInit
    main.o(i.main) refers to os_task.o(i.OSTaskCreate) for OSTaskCreate
    main.o(i.main) refers to os_core.o(i.OSStart) for OSStart
    main.o(i.main) refers to main.o(.bss) for START_TASK_STK
    main.o(i.main) refers to main.o(i.start_task) for start_task
    main.o(i.start_task) refers to os_core.o(i.OSStatInit) for OSStatInit
    main.o(i.start_task) refers to os_cpu_a.o(.text) for OS_CPU_SR_Save
    main.o(i.start_task) refers to os_task.o(i.OSTaskCreate) for OSTaskCreate
    main.o(i.start_task) refers to main.o(i.usart_init) for usart_init
    main.o(i.start_task) refers to main.o(i.OSSem_init) for OSSem_init
    main.o(i.start_task) refers to os_task.o(i.OSTaskSuspend) for OSTaskSuspend
    main.o(i.start_task) refers to main.o(.bss) for Target1_TASK_STK
    main.o(i.start_task) refers to logictask.o(i.Target1_task) for Target1_task
    main.o(i.start_task) refers to target2.o(i.Target2_task) for Target2_task
    main.o(i.start_task) refers to plc.o(i.Target3_task) for Target3_task
    main.o(i.start_task) refers to com2_task.o(i.Target4_task) for Target4_task
    main.o(i.usart_init) refers to usart1.o(i.usart1_init) for usart1_init
    main.o(i.usart_init) refers to usart2.o(i.usart2_init) for usart2_init
    main.o(i.usart_init) refers to usart3.o(i.usart3_init) for usart3_init
    main.o(i.usart_init) refers to usart4.o(i.uart4_init) for uart4_init
    main.o(i.usart_init) refers to usart.o(i.Com1_init) for Com1_init
    main.o(i.usart_init) refers to usart.o(i.Com2_init) for Com2_init
    main.o(i.usart_init) refers to usart.o(i.Com3_init) for Com3_init
    main.o(i.usart_init) refers to usart.o(i.Com4_init) for Com4_init
    main.o(i.usart_init) refers to dma.o(i.DMA_PM_Config) for DMA_PM_Config
    main.o(i.usart_init) refers to dma.o(i.DMA_Rx_Enable) for DMA_Rx_Enable
    main.o(i.usart_init) refers to stm32f10x_usart.o(i.USART_GetFlagStatus) for USART_GetFlagStatus
    main.o(i.usart_init) refers to usart.o(.bss) for DMA_RX_BUF1
    logictask.o(i.Target1_task) refers to os_time.o(i.OSTimeDlyHMSM) for OSTimeDlyHMSM
    logictask.o(i.Target1_task) refers to rtc.o(i.RTC_Init) for RTC_Init
    logictask.o(i.Target1_task) refers to logictask.o(i.device_test) for device_test
    logictask.o(i.Target1_task) refers to os_time.o(i.OSTimeSet) for OSTimeSet
    logictask.o(i.Target1_task) refers to stm32f10x_gpio.o(i.GPIO_ResetBits) for GPIO_ResetBits
    logictask.o(i.Target1_task) refers to stm32f10x_gpio.o(i.GPIO_SetBits) for GPIO_SetBits
    logictask.o(i.Target1_task) refers to logictask.o(i.receive_msg_from_com1) for receive_msg_from_com1
    logictask.o(i.Target1_task) refers to logictask.o(i.receive_msg_from_com4) for receive_msg_from_com4
    logictask.o(i.Target1_task) refers to logictask.o(.data) for workStatus
    logictask.o(i.receive_msg_from_com1) refers to os_sem.o(i.OSSemPend) for OSSemPend
    logictask.o(i.receive_msg_from_com1) refers to rt_memcpy_v6.o(.text) for __aeabi_memcpy
    logictask.o(i.receive_msg_from_com1) refers to os_sem.o(i.OSSemPost) for OSSemPost
    logictask.o(i.receive_msg_from_com1) refers to logictask.o(.data) for Com1_rx_sem
    logictask.o(i.receive_msg_from_com1) refers to usart.o(.bss) for com1
    logictask.o(i.receive_msg_from_com2) refers to os_sem.o(i.OSSemPend) for OSSemPend
    logictask.o(i.receive_msg_from_com2) refers to rt_memcpy_v6.o(.text) for __aeabi_memcpy
    logictask.o(i.receive_msg_from_com2) refers to os_sem.o(i.OSSemPost) for OSSemPost
    logictask.o(i.receive_msg_from_com2) refers to logictask.o(.data) for Com2_rx_sem
    logictask.o(i.receive_msg_from_com2) refers to usart.o(.bss) for com2
    logictask.o(i.receive_msg_from_com4) refers to os_sem.o(i.OSSemPend) for OSSemPend
    logictask.o(i.receive_msg_from_com4) refers to rt_memcpy_v6.o(.text) for __aeabi_memcpy
    logictask.o(i.receive_msg_from_com4) refers to os_sem.o(i.OSSemPost) for OSSemPost
    logictask.o(i.receive_msg_from_com4) refers to logictask.o(.data) for Com4_rx_sem
    logictask.o(i.receive_msg_from_com4) refers to usart.o(.bss) for com4
    target2.o(i.Target2_task) refers to os_time.o(i.OSTimeDlyHMSM) for OSTimeDlyHMSM
    target2.o(i.Target2_task) refers to os_sem.o(i.OSSemPend) for OSSemPend
    target2.o(i.Target2_task) refers to os_sem.o(i.OSSemPost) for OSSemPost
    target2.o(i.Target2_task) refers to target2.o(i.send_to_com1) for send_to_com1
    target2.o(i.Target2_task) refers to usart.o(.bss) for com1
    target2.o(i.Target2_task) refers to logictask.o(.data) for Com1_rx_sem
[...]
    ..\CORE\system_stm32f10x.c               0x00000000   Number         0  system_stm32f10x.o ABSOLUTE
    ..\HARDWARE\BSP\bsp.c                    0x00000000   Number         0  bsp.o ABSOLUTE
    ..\HARDWARE\DMA\dma.c                    0x00000000   Number         0  dma.o ABSOLUTE
    ..\HARDWARE\LED\led.c                    0x00000000   Number         0  led.o ABSOLUTE
    ..\HARDWARE\flash\flash.c                0x00000000   Number         0  flash.o ABSOLUTE
    ..\HARDWARE\interrupt\interrupt.c        0x00000000   Number         0  interrupt.o ABSOLUTE
    ..\HARDWARE\rtc\rtc.c                    0x00000000   Number         0  rtc.o ABSOLUTE
    ..\HARDWARE\usart1\usart1.c              0x00000000   Number         0  usart1.o ABSOLUTE
    ..\HARDWARE\usart2\usart2.c              0x00000000   Number         0  usart2.o ABSOLUTE
    ..\HARDWARE\usart3\usart3.c              0x00000000   Number         0  usart3.o ABSOLUTE
    ..\STM32F10X_FWLIB\src\misc.c            0x00000000   Number         0  misc.o ABSOLUTE
    ..\STM32F10X_FWLIB\src\stm32f10x_bkp.c   0x00000000   Number         0  stm32f10x_bkp.o ABSOLUTE
    ..\STM32F10X_FWLIB\src\stm32f10x_dma.c   0x00000000   Number         0  stm32f10x_dma.o ABSOLUTE
    ..\STM32F10X_FWLIB\src\stm32f10x_exti.c  0x00000000   Number         0  stm32f10x_exti.o ABSOLUTE
    ..\STM32F10X_FWLIB\src\stm32f10x_flash.c 0x00000000   Number         0  stm32f10x_flash.o ABSOLUTE
    ..\STM32F10X_FWLIB\src\stm32f10x_gpio.c  0x00000000   Number         0  stm32f10x_gpio.o ABSOLUTE
    ..\STM32F10X_FWLIB\src\stm32f10x_pwr.c   0x00000000   Number         0  stm32f10x_pwr.o ABSOLUTE
    ..\STM32F10X_FWLIB\src\stm32f10x_rcc.c   0x00000000   Number         0  stm32f10x_rcc.o ABSOLUTE
    ..\STM32F10X_FWLIB\src\stm32f10x_rtc.c   0x00000000   Number         0  stm32f10x_rtc.o ABSOLUTE
    ..\STM32F10X_FWLIB\src\stm32f10x_usart.c 0x00000000   Number         0  stm32f10x_usart.o ABSOLUTE
    ..\SYSTEM\delay\delay.c                  0x00000000   Number         0  delay.o ABSOLUTE
    ..\SYSTEM\sys\sys.c                      0x00000000   Number         0  sys.o ABSOLUTE
    ..\SYSTEM\usart\usart.c                  0x00000000   Number         0  usart.o ABSOLUTE
    ..\UCOSII\CORE\os_core.c                 0x00000000   Number         0  os_core.o ABSOLUTE
    ..\UCOSII\CORE\os_flag.c                 0x00000000   Number         0  os_flag.o ABSOLUTE
    ..\UCOSII\CORE\os_mbox.c                 0x00000000   Number         0  os_mbox.o ABSOLUTE
    ..\UCOSII\CORE\os_mem.c                  0x00000000   Number         0  os_mem.o ABSOLUTE
    ..\UCOSII\CORE\os_mutex.c                0x00000000   Number         0  os_mutex.o ABSOLUTE
    ..\UCOSII\CORE\os_q.c                    0x00000000   Number         0  os_q.o ABSOLUTE
    ..\UCOSII\CORE\os_sem.c                  0x00000000   Number         0  os_sem.o ABSOLUTE
    ..\UCOSII\CORE\os_task.c                 0x00000000   Number         0  os_task.o ABSOLUTE
    ..\UCOSII\CORE\os_time.c                 0x00000000   Number         0  os_time.o ABSOLUTE
    ..\UCOSII\CORE\os_tmr.c                  0x00000000   Number         0  os_tmr.o ABSOLUTE
    ..\UCOSII\PORT\os_cpu_a.asm              0x00000000   Number         0  os_cpu_a.o ABSOLUTE
    ..\UCOSII\PORT\os_cpu_c.c                0x00000000   Number         0  os_cpu_c.o ABSOLUTE
    ..\UCOSII\PORT\os_dbg.c                  0x00000000   Number         0  os_dbg.o ABSOLUTE
    ..\\CORE\\core_cm3.c                     0x00000000   Number         0  core_cm3.o ABSOLUTE
    LogicTask.c                              0x00000000   Number         0  logictask.o ABSOLUTE
    Target2.c                                0x00000000   Number         0  target2.o ABSOLUTE
    \\Mac\Home\Documents\GitHub\STM32_PLCCC\STM32_PLCCC_V0\HARDWARE\PLCmodule\plcmodule.c 0x00000000   Number         0  plcmodule.o ABSOLUTE
    \\Mac\Home\Documents\GitHub\STM32_PLCCC\STM32_PLCCC_V0\HARDWARE\usart4\usart4.c 0x00000000   Number         0  usart4.o ABSOLUTE
    \\Mac\Home\Documents\GitHub\STM32_PLCCC\STM32_PLCCC_V0\USER\com2_task.c 0x00000000   Number         0  com2_task.o ABSOLUTE
    dc.s                                     0x00000000   Number         0  dc.o ABSOLUTE
    main.c                                   0x00000000   Number         0  main.o ABSOLUTE
    plc.c                                    0x00000000   Number         0  plc.o ABSOLUTE
    RESET                                    0x08000000   Section      304  startup_stm32f10x_hd.o(RESET)
    !!!main                                  0x08000130   Section        8  __main.o(!!!main)
    !!!scatter                               0x08000138   Section       52  __scatter.o(!!!scatter)
    !!handler_copy                           0x0800016c   Section       26  __scatter_copy.o(!!handler_copy)
    !!handler_zi                             0x08000188   Section       28  __scatter_zi.o(!!handler_zi)
    .ARM.Collect$$libinit$$00000000          0x080001a4   Section        2  libinit.o(.ARM.Collect$$libinit$$00000000)
    .ARM.Collect$$libinit$$00000002          0x080001a6   Section        0  libinit2.o(.ARM.Collect$$libinit$$00000002)
    .ARM.Collect$$libinit$$00000008          0x080001a6   Section        0  libinit2.o(.ARM.Collect$$libinit$$00000008)
    .ARM.Collect$$libinit$$0000000A          0x080001a6   Section        0  libinit2.o(.ARM.Collect$$libinit$$0000000A)
    .ARM.Collect$$libinit$$0000000C          0x080001a6   Section        0  libinit2.o(.ARM.Collect$$libinit$$0000000C)
    .ARM.Collect$$libinit$$0000000F          0x080001a6   Section        0  libinit2.o(.ARM.Collect$$libinit$$0000000F)
    .ARM.Collect$$libinit$$00000011          0x080001a6   Section        0  libinit2.o(.ARM.Collect$$libinit$$00000011)
    .ARM.Collect$$libinit$$00000013          0x080001a6   Section        0  libinit2.o(.ARM.Collect$$libinit$$00000013)
    .ARM.Collect$$libinit$$00000015          0x080001a6   Section        0  libinit2.o(.ARM.Collect$$libinit$$00000015)
    .ARM.Collect$$libinit$$00000017          0x080001a6   Section        0  libinit2.o(.ARM.Collect$$libinit$$00000017)
    .ARM.Collect$$libinit$$00000019          0x080001a6   Section        0  libinit2.o(.ARM.Collect$$libinit$$00000019)
    .ARM.Collect$$libinit$$0000001B          0x080001a6   Section        0  libinit2.o(.ARM.Collect$$libinit$$0000001B)
    .ARM.Collect$$libinit$$0000001D          0x080001a6   Section        0  libinit2.o(.ARM.Collect$$libinit$$0000001D)
    .ARM.Collect$$libinit$$0000001F          0x080001a6   Section        0  libinit2.o(.ARM.Collect$$libinit$$0000001F)
    .ARM.Collect$$libinit$$00000021          0x080001a6   Section        0  libinit2.o(.ARM.Collect$$libinit$$00000021)
    .ARM.Collect$$libinit$$00000023          0x080001a6   Section        0  libinit2.o(.ARM.Collect$$libinit$$00000023)
    .ARM.Collect$$libinit$$0000002A          0x080001a6   Section        0  libinit2.o(.ARM.Collect$$libinit$$0000002A)
    .ARM.Collect$$libinit$$0000002C          0x080001a6   Section        0  libinit2.o(.ARM.Collect$$libinit$$0000002C)
    .ARM.Collect$$libinit$$0000002E          0x080001a6   Section        0  libinit2.o(.ARM.Collect$$libinit$$0000002E)
    .ARM.Collect$$libinit$$00000030          0x080001a6   Section        0  libinit2.o(.ARM.Collect$$libinit$$00000030)
    .ARM.Collect$$libinit$$00000031          0x080001a6   Section        2  libinit2.o(.ARM.Collect$$libinit$$00000031)
    .ARM.Collect$$libshutdown$$00000000      0x080001a8   Section        2  libshutdown.o(.ARM.Collect$$libshutdown$$00000000)
    .ARM.Collect$$libshutdown$$00000003      0x080001aa   Section        0  libshutdown2.o(.ARM.Collect$$libshutdown$$00000003)
    .ARM.Collect$$libshutdown$$00000006      0x080001aa   Section        0  libshutdown2.o(.ARM.Collect$$libshutdown$$00000006)
    .ARM.Collect$$libshutdown$$00000009      0x080001aa   Section        0  libshutdown2.o(.ARM.Collect$$libshutdown$$00000009)
    .ARM.Collect$$libshutdown$$0000000B      0x080001aa   Section        0  libshutdown2.o(.ARM.Collect$$libshutdown$$0000000B)
    .ARM.Collect$$libshutdown$$0000000E      0x080001aa   Section        0  libshutdown2.o(.ARM.Collect$$libshutdown$$0000000E)
    .ARM.Collect$$libshutdown$$0000000F      0x080001aa   Section        2  libshutdown2.o(.ARM.Collect$$libshutdown$$0000000F)
    .ARM.Collect$$rtentry$$00000000          0x080001ac   Section        0  rtentry.o(.ARM.Collect$$rtentry$$00000000)
    .ARM.Collect$$rtentry$$00000002          0x080001ac   Section        0  rtentry2.o(.ARM.Collect$$rtentry$$00000002)
    .ARM.Collect$$rtentry$$00000004          0x080001ac   Section        6  rtentry4.o(.ARM.Collect$$rtentry$$00000004)
    .ARM.Collect$$rtentry$$00000009          0x080001b2   Section        0  rtentry2.o(.ARM.Collect$$rtentry$$00000009)
    .ARM.Collect$$rtentry$$0000000A          0x080001b2   Section        4  rtentry2.o(.ARM.Collect$$rtentry$$0000000A)
    .ARM.Collect$$rtentry$$0000000C          0x080001b6   Section        0  rtentry2.o(.ARM.Collect$$rtentry$$0000000C)
    .ARM.Collect$$rtentry$$0000000D          0x080001b6   Section        8  rtentry2.o(.ARM.Collect$$rtentry$$0000000D)
    .ARM.Collect$$rtexit$$00000000           0x080001be   Section        2  rtexit.o(.ARM.Collect$$rtexit$$00000000)
    .ARM.Collect$$rtexit$$00000002           0x080001c0   Section        0  rtexit2.o(.ARM.Collect$$rtexit$$00000002)
    .ARM.Collect$$rtexit$$00000003           0x080001c0   Section        4  rtexit2.o(.ARM.Collect$$rtexit$$00000003)
    .ARM.Collect$$rtexit$$00000004           0x080001c4   Section        6  rtexit2.o(.ARM.Collect$$rtexit$$00000004)
    .text                                    0x080001cc   Section       64  startup_stm32f10x_hd.o(.text)
    .text                                    0x0800020c   Section      180  os_cpu_a.o(.text)
    .text                                    0x080002c0   Section      138  rt_memcpy_v6.o(.text)
    .text                                    0x0800034a   Section        0  heapauxi.o(.text)
    .text                                    0x08000350   Section      100  rt_memcpy_w.o(.text)
    .text                                    0x080003b4   Section       74  sys_stackheap_outer.o(.text)
    .text                                    0x080003fe   Section        0  exit.o(.text)
    .text                                    0x0800040c   Section        8  libspace.o(.text)
    .text                                    0x08000414   Section        0  sys_exit.o(.text)
    .text                                    0x08000420   Section        2  use_no_semi.o(.text)
    .text                                    0x08000422   Section        0  indicate_semi.o(.text)
    i.BKP_DeInit                             0x08000422   Section        0  stm32f10x_bkp.o(i.BKP_DeInit)
    i.BKP_ReadBackupRegister                 0x08000434   Section        0  stm32f10x_bkp.o(i.BKP_ReadBackupRegister)
    i.BKP_WriteBackupRegister                0x08000450   Section        0  stm32f10x_bkp.o(i.BKP_WriteBackupRegister)
    i.BSP_init                               0x0800046c   Section        0  bsp.o(i.BSP_init)
    i.BusFault_Handler                       0x0800047c   Section        0  stm32f10x_it.o(i.BusFault_Handler)
    i.Com1_init                              0x08000480   Section        0  usart.o(i.Com1_init)
    i.Com2_init                              0x080004ac   Section        0  usart.o(i.Com2_init)
    i.Com3_init                              0x080004d8   Section        0  usart.o(i.Com3_init)
    i.Com4_init                              0x08000504   Section        0  usart.o(i.Com4_init)
    i.DMA_Cmd                                0x08000530   Section        0  stm32f10x_dma.o(i.DMA_Cmd)
    i.DMA_DeInit                             0x08000548   Section        0  stm32f10x_dma.o(i.DMA_DeInit)
    i.DMA_GetCurrDataCounter                 0x08000694   Section        0  stm32f10x_dma.o(i.DMA_GetCurrDataCounter)
    i.DMA_Init                               0x0800069c   Section        0  stm32f10x_dma.o(i.DMA_Init)
    i.DMA_PM_Config                          0x080006d8   Section        0  dma.o(i.DMA_PM_Config)
    i.DMA_Rx_Enable                          0x08000730   Section        0  dma.o(i.DMA_Rx_Enable)
    i.DMA_SetCurrDataCounter                 0x0800080c   Section        0  stm32f10x_dma.o(i.DMA_SetCurrDataCounter)
    i.DebugMon_Handler                       0x08000810   Section        0  stm32f10x_it.o(i.DebugMon_Handler)
    i.EXTI4_IRQHandler                       0x08000814   Section        0  interrupt.o(i.EXTI4_IRQHandler)
    i.EXTI_ClearITPendingBit                 0x08000850   Section        0  stm32f10x_exti.o(i.EXTI_ClearITPendingBit)
    i.EXTI_GetITStatus                       0x0800085c   Section        0  stm32f10x_exti.o(i.EXTI_GetITStatus)
    i.GPIO_Init                              0x08000884   Section        0  stm32f10x_gpio.o(i.GPIO_Init)
    i.GPIO_ReadInputDataBit                  0x0800099a   Section        0  stm32f10x_gpio.o(i.GPIO_ReadInputDataBit)
    i.GPIO_ResetBits                         0x080009ac   Section        0  stm32f10x_gpio.o(i.GPIO_ResetBits)
    i.GPIO_SetBits                           0x080009b0   Section        0  stm32f10x_gpio.o(i.GPIO_SetBits)
    i.HardFault_Handler                      0x080009b4   Section        0  stm32f10x_it.o(i.HardFault_Handler)
    i.Is_Leap_Year                           0x080009b8   Section        0  rtc.o(i.Is_Leap_Year)
    i.MemManage_Handler                      0x080009f2   Section        0  stm32f10x_it.o(i.MemManage_Handler)
    i.NMI_Handler                            0x080009f6   Section        0  stm32f10x_it.o(i.NMI_Handler)
    i.NVIC_Configuration                     0x080009f8   Section        0  sys.o(i.NVIC_Configuration)
    i.NVIC_Init                              0x08000a04   Section        0  misc.o(i.NVIC_Init)
    i.NVIC_PriorityGroupConfig               0x08000a74   Section        0  misc.o(i.NVIC_PriorityGroupConfig)
    i.OSInit                                 0x08000a88   Section        0  os_core.o(i.OSInit)
    i.OSInitHookBegin                        0x08000ab4   Section        0  os_cpu_c.o(i.OSInitHookBegin)
    i.OSInitHookEnd                          0x08000ab6   Section        0  os_cpu_c.o(i.OSInitHookEnd)
    i.OSIntEnter                             0x08000ab8   Section        0  os_core.o(i.OSIntEnter)
    i.OSIntExit                              0x08000adc   Section        0  os_core.o(i.OSIntExit)
    i.OSSemCreate                            0x08000b6c   Section        0  os_sem.o(i.OSSemCreate)
    i.OSSemPend                              0x08000bb8   Section        0  os_sem.o(i.OSSemPend)
    i.OSSemPost                              0x08000ca4   Section        0  os_sem.o(i.OSSemPost)
    i.OSSem_init                             0x08000cfc   Section        0  main.o(i.OSSem_init)
    i.OSStart                                0x08000d54   Section        0  os_core.o(i.OSStart)
    i.OSStatInit                             0x08000d9c   Section        0  os_core.o(i.OSStatInit)
    i.OSTCBInitHook                          0x08000de8   Section        0  os_cpu_c.o(i.OSTCBInitHook)
    i.OSTaskCreate                           0x08000dec   Section        0  os_task.o(i.OSTaskCreate)
    i.OSTaskCreateExt                        0x08000e8c   Section        0  os_task.o(i.OSTaskCreateExt)
    i.OSTaskCreateHook                       0x08000f44   Section        0  os_cpu_c.o(i.OSTaskCreateHook)
    i.OSTaskIdleHook                         0x08000f46   Section        0  os_cpu_c.o(i.OSTaskIdleHook)
    i.OSTaskNameSet                          0x08000f48   Section        0  os_task.o(i.OSTaskNameSet)
    i.OSTaskStatHook                         0x08000fb8   Section        0  os_cpu_c.o(i.OSTaskStatHook)
    i.OSTaskStkChk                           0x08000fbc   Section        0  os_task.o(i.OSTaskStkChk)
    i.OSTaskStkInit                          0x08001048   Section        0  os_cpu_c.o(i.OSTaskStkInit)
    i.OSTaskSuspend                          0x080010e4   Section        0  os_task.o(i.OSTaskSuspend)
    i.OSTaskSwHook                           0x0800118c   Section        0  os_cpu_c.o(i.OSTaskSwHook)
    i.OSTimeDly                              0x08001190   Section        0  os_time.o(i.OSTimeDly)
    i.OSTimeDlyHMSM                          0x08001208   Section        0  os_time.o(i.OSTimeDlyHMSM)
    i.OSTimeSet                              0x08001268   Section        0  os_time.o(i.OSTimeSet)
    i.OSTimeTick                             0x08001284   Section        0  os_core.o(i.OSTimeTick)
    i.OSTimeTickHook                         0x08001370   Section        0  os_cpu_c.o(i.OSTimeTickHook)
    i.OS_EventTaskRdy                        0x08001374   Section        0  os_core.o(i.OS_EventTaskRdy)
    i.OS_EventTaskRemove                     0x080013f8   Section        0  os_core.o(i.OS_EventTaskRemove)
    i.OS_EventTaskWait                       0x08001424   Section        0  os_core.o(i.OS_EventTaskWait)
    i.OS_EventWaitListInit                   0x080014a0   Section        0  os_core.o(i.OS_EventWaitListInit)
    i.OS_FlagInit                            0x080014bc   Section        0  os_flag.o(i.OS_FlagInit)
    i.OS_InitEventList                       0x08001514   Section        0  os_core.o(i.OS_InitEventList)
    OS_InitEventList                         0x08001515   Thumb Code    76  os_core.o(i.OS_InitEventList)
    i.OS_InitMisc                            0x08001568   Section        0  os_core.o(i.OS_InitMisc)
    OS_InitMisc                              0x08001569   Thumb Code    44  os_core.o(i.OS_InitMisc)
    i.OS_InitRdyList                         0x080015bc   Section        0  os_core.o(i.OS_InitRdyList)
    OS_InitRdyList                           0x080015bd   Thumb Code    44  os_core.o(i.OS_InitRdyList)
    i.OS_InitTCBList                         0x08001600   Section        0  os_core.o(i.OS_InitTCBList)
    OS_InitTCBList                           0x08001601   Thumb Code   106  os_core.o(i.OS_InitTCBList)
    i.OS_InitTaskIdle                        0x08001680   Section        0  os_core.o(i.OS_InitTaskIdle)
    OS_InitTaskIdle                          0x08001681   Thumb Code    50  os_core.o(i.OS_InitTaskIdle)
    i.OS_InitTaskStat                        0x080016d0   Section        0  os_core.o(i.OS_InitTaskStat)
    OS_InitTaskStat                          0x080016d1   Thumb Code    50  os_core.o(i.OS_InitTaskStat)
    i.OS_MemClr                              0x08001720   Section        0  os_core.o(i.OS_MemClr)
    i.OS_QInit                               0x08001734   Section        0  os_q.o(i.OS_QInit)
    i.OS_Sched                               0x08001784   Section        0  os_core.o(i.OS_Sched)
    i.OS_SchedNew                            0x080017f8   Section        0  os_core.o(i.OS_SchedNew)
    OS_SchedNew                              0x080017f9   Thumb Code    26  os_core.o(i.OS_SchedNew)
    i.OS_TCBInit                             0x08001824   Section        0  os_core.o(i.OS_TCBInit)
    i.OS_TaskIdle                            0x08001958   Section        0  os_core.o(i.OS_TaskIdle)
    i.OS_TaskStat                            0x08001980   Section        0  os_core.o(i.OS_TaskStat)
    i.OS_TaskStatStkChk                      0x08001a08   Section        0  os_core.o(i.OS_TaskStatStkChk)
    i.OS_TaskStkClr                          0x08001a44   Section        0  os_task.o(i.OS_TaskStkClr)
    i.PWR_BackupAccessCmd                    0x08001a60   Section        0  stm32f10x_pwr.o(i.PWR_BackupAccessCmd)
    i.RCC_AHBPeriphClockCmd                  0x08001a6c   Section        0  stm32f10x_rcc.o(i.RCC_AHBPeriphClockCmd)
    i.RCC_APB1PeriphClockCmd                 0x08001a8c   Section        0  stm32f10x_rcc.o(i.RCC_APB1PeriphClockCmd)
    i.RCC_APB2PeriphClockCmd                 0x08001aac   Section        0  stm32f10x_rcc.o(i.RCC_APB2PeriphClockCmd)
    i.RCC_BackupResetCmd                     0x08001acc   Section        0  stm32f10x_rcc.o(i.RCC_BackupResetCmd)
    i.RCC_GetClocksFreq                      0x08001ad8   Section        0  stm32f10x_rcc.o(i.RCC_GetClocksFreq)
    i.RCC_GetFlagStatus                      0x08001bac   Section        0  stm32f10x_rcc.o(i.RCC_GetFlagStatus)
    i.RCC_LSICmd                             0x08001be8   Section        0  stm32f10x_rcc.o(i.RCC_LSICmd)
    i.RCC_RTCCLKCmd                          0x08001bf4   Section        0  stm32f10x_rcc.o(i.RCC_RTCCLKCmd)
    i.RCC_RTCCLKConfig                       0x08001c00   Section        0  stm32f10x_rcc.o(i.RCC_RTCCLKConfig)
    i.RTC_ClearITPendingBit                  0x08001c10   Section        0  stm32f10x_rtc.o(i.RTC_ClearITPendingBit)
    i.RTC_Config                             0x08001c20   Section        0  rtc.o(i.RTC_Config)
    i.RTC_EnterConfigMode                    0x08001d08   Section        0  stm32f10x_rtc.o(i.RTC_EnterConfigMode)
    i.RTC_ExitConfigMode                     0x08001d1c   Section        0  stm32f10x_rtc.o(i.RTC_ExitConfigMode)
    i.RTC_Get                                0x08001d30   Section        0  rtc.o(i.RTC_Get)
    i.RTC_GetCounter                         0x08001e30   Section        0  stm32f10x_rtc.o(i.RTC_GetCounter)
    i.RTC_GetITStatus                        0x08001e44   Section        0  stm32f10x_rtc.o(i.RTC_GetITStatus)
    i.RTC_Get_Week                           0x08001e68   Section        0  rtc.o(i.RTC_Get_Week)
    i.RTC_IRQHandler                         0x08001ee0   Section        0  rtc.o(i.RTC_IRQHandler)
    i.RTC_ITConfig                           0x08001efc   Section        0  stm32f10x_rtc.o(i.RTC_ITConfig)
    i.RTC_Init                               0x08001f1c   Section        0  rtc.o(i.RTC_Init)
    i.RTC_NVIC_Config                        0x08001f24   Section        0  rtc.o(i.RTC_NVIC_Config)
    RTC_NVIC_Config                          0x08001f25   Thumb Code    34  rtc.o(i.RTC_NVIC_Config)
    i.RTC_Set                                0x08001f48   Section        0  rtc.o(i.RTC_Set)
    i.RTC_SetCounter                         0x08002010   Section        0  stm32f10x_rtc.o(i.RTC_SetCounter)
    i.RTC_SetPrescaler                       0x0800202c   Section        0  stm32f10x_rtc.o(i.RTC_SetPrescaler)
    i.RTC_WaitForLastTask                    0x0800204c   Section        0  stm32f10x_rtc.o(i.RTC_WaitForLastTask)
    i.RTC_WaitForSynchro                     0x08002060   Section        0  stm32f10x_rtc.o(i.RTC_WaitForSynchro)
    i.SVC_Handler                            0x08002084   Section        0  stm32f10x_it.o(i.SVC_Handler)
    i.SetSysClock                            0x08002086   Section        0  system_stm32f10x.o(i.SetSysClock)
    SetSysClock                              0x08002087   Thumb Code     8  system_stm32f10x.o(i.SetSysClock)
    i.SetSysClockTo72                        0x08002090   Section        0  system_stm32f10x.o(i.SetSysClockTo72)
    SetSysClockTo72                          0x08002091   Thumb Code   214  system_stm32f10x.o(i.SetSysClockTo72)
    i.SysTick_CLKSourceConfig                0x08002170   Section        0  misc.o(i.SysTick_CLKSourceConfig)
    i.SysTick_Handler                        0x08002198   Section        0  delay.o(i.SysTick_Handler)
    i.SystemInit                             0x080021a8   Section        0  system_stm32f10x.o(i.SystemInit)
    i.Target1_task                           0x08002208   Section        0  logictask.o(i.Target1_task)
    i.Target2_task                           0x0800229c   Section        0  target2.o(i.Target2_task)
    i.Target3_task                           0x080022f4   Section        0  plc.o(i.Target3_task)
    i.Target4_task                           0x0800234c   Section        0  com2_task.o(i.Target4_task)
    i.UART4_IRQHandler                       0x080023a4   Section        0  usart4.o(i.UART4_IRQHandler)
    i.USART1_IRQHandler                      0x08002420   Section        0  usart1.o(i.USART1_IRQHandler)
    i.USART2_IRQHandler                      0x0800249c   Section        0  usart2.o(i.USART2_IRQHandler)
    i.USART3_IRQHandler                      0x0800252c   Section        0  usart3.o(i.USART3_IRQHandler)
    i.USART_ClearITPendingBit                0x080025b0   Section        0  stm32f10x_usart.o(i.USART_ClearITPendingBit)
    i.USART_Cmd                              0x080025ce   Section        0  stm32f10x_usart.o(i.USART_Cmd)
    i.USART_DMACmd                           0x080025e6   Section        0  stm32f10x_usart.o(i.USART_DMACmd)
    i.USART_GetFlagStatus                    0x080025f8   Section        0  stm32f10x_usart.o(i.USART_GetFlagStatus)
    i.USART_GetITStatus                      0x08002612   Section        0  stm32f10x_usart.o(i.USART_GetITStatus)
    i.USART_ITConfig                         0x08002666   Section        0  stm32f10x_usart.o(i.USART_ITConfig)
    i.USART_Init                             0x080026b0   Section        0  stm32f10x_usart.o(i.USART_Init)
    i.USART_SendData                         0x08002788   Section        0  stm32f10x_usart.o(i.USART_SendData)
    i.UsageFault_Handler                     0x08002790   Section        0  stm32f10x_it.o(i.UsageFault_Handler)
    i.delay_init                             0x08002794   Section        0  delay.o(i.delay_init)
    i.delay_ms                               0x080027f0   Section        0  delay.o(i.delay_ms)
    i.delay_us                               0x08002838   Section        0  delay.o(i.delay_us)
    i.device_test                            0x08002884   Section        0  logictask.o(i.device_test)
    i.main                                   0x08002888   Section        0  main.o(i.main)
    i.plcmodule_init                         0x080028b0   Section        0  plcmodule.o(i.plcmodule_init)
    i.receive_msg_from_com1                  0x08002908   Section        0  logictask.o(i.receive_msg_from_com1)
    i.receive_msg_from_com4                  0x08002958   Section        0  logictask.o(i.receive_msg_from_com4)
    i.send_to_com1                           0x080029a8   Section        0  target2.o(i.send_to_com1)
    i.send_to_com2                           0x080029d8   Section        0  com2_task.o(i.send_to_com2)
    i.send_to_com4                           0x08002a08   Section        0  plc.o(i.send_to_com4)
    i.start_task                             0x08002a38   Section        0  main.o(i.start_task)
    i.uart4_init                             0x08002ab0   Section        0  usart4.o(i.uart4_init)
    i.usart1_init                            0x08002b68   Section        0  usart1.o(i.usart1_init)
    i.usart2_init                            0x08002c0c   Section        0  usart2.o(i.usart2_init)
    i.usart3_init                            0x08002cb0   Section        0  usart3.o(i.usart3_init)
    i.usart_init                             0x08002d7c   Section        0  main.o(i.usart_init)
    .constdata                               0x08002e54   Section       24  rtc.o(.constdata)
    .constdata                               0x08002e6c   Section      256  os_core.o(.constdata)
    .data                                    0x20000000   Section       96  logictask.o(.data)
    .data                                    0x20000060   Section       20  system_stm32f10x.o(.data)
    .data                                    0x20000074   Section        4  delay.o(.data)
    fac_us                                   0x20000074   Data           1  delay.o(.data)
    fac_ms                                   0x20000076   Data           2  delay.o(.data)
    .data                                    0x20000078   Section        2  dma.o(.data)
    .data                                    0x2000007a   Section        1  interrupt.o(.data)
    .data                                    0x2000007c   Section        4  rtc.o(.data)
    daycnt                                   0x2000007e   Data           2  rtc.o(.data)
    .data                                    0x20000080   Section       20  stm32f10x_rcc.o(.data)
    APBAHBPrescTable                         0x20000080   Data          16  stm32f10x_rcc.o(.data)
    ADCPrescTable                            0x20000090   Data           4  stm32f10x_rcc.o(.data)
    .data                                    0x20000094   Section       72  os_core.o(.data)
    .bss                                     0x200000dc   Section     2304  main.o(.bss)
    .bss                                     0x200009dc   Section     1088  usart.o(.bss)
    .bss                                     0x20000e1c   Section       20  rtc.o(.bss)
    .bss                                     0x20000e30   Section     3128  os_core.o(.bss)
    .bss                                     0x20001a68   Section       96  libspace.o(.bss)
    HEAP                                     0x20001ac8   Section      512  startup_stm32f10x_hd.o(HEAP)
    Heap_Mem                                 0x20001ac8   Data         512  startup_stm32f10x_hd.o(HEAP)
    STACK                                    0x20001cc8   Section     1024  startup_stm32f10x_hd.o(STACK)
    Stack_Mem                                0x20001cc8   Data        1024  startup_stm32f10x_hd.o(STACK)
    __initial_sp                             0x200020c8   Data           0  startup_stm32f10x_hd.o(STACK)

    Global Symbols

    Symbol Name                              Value     Ov Type        Size  Object(Section)

    BuildAttributes$$THM_ISAv4$P$D$K$B$S$PE$A:L22UL41UL21$X:L11$S22US41US21$IEEE1$IW$USESV6$~STKCKD$USESV7$~SHL$OSPACE$ROPI$EBA8$UX$STANDARDLIB$REQ8$PRES8$EABIv2 0x00000000   Number         0  anon$$obj.o ABSOLUTE
    __ARM_use_no_argv                        0x00000000   Number         0  main.o ABSOLUTE
    __ARM_exceptions_init                     - Undefined Weak Reference
    __alloca_initialize                       - Undefined Weak Reference
    __cpp_initialize__aeabi_                  - Undefined Weak Reference
    __cxa_finalize                            - Undefined Weak Reference
    __rt_locale                               - Undefined Weak Reference
    __sigvec_lookup                           - Undefined Weak Reference
    _atexit_init                              - Undefined Weak Reference
    _call_atexit_fns                          - Undefined Weak Reference
    _clock_init                               - Undefined Weak Reference
    _fp_trap_init                             - Undefined Weak Reference
    _fp_trap_shutdown                         - Undefined Weak Reference
    _get_lc_collate                           - Undefined Weak Reference
    _get_lc_ctype                             - Undefined Weak Reference
    _get_lc_monetary                          - Undefined Weak Reference
    _get_lc_numeric                           - Undefined Weak Reference
    _get_lc_time                              - Undefined Weak Reference
    _getenv_init                              - Undefined Weak Reference
    _handle_redirection                       - Undefined Weak Reference
    _init_alloc                               - Undefined Weak Reference
    _init_user_alloc                          - Undefined Weak Reference
    _initio                                   - Undefined Weak Reference
    _rand_init                                - Undefined Weak Reference
    _signal_finish                            - Undefined Weak Reference
    _signal_init                              - Undefined Weak Reference
    _terminate_alloc                          - Undefined Weak Reference
    _terminate_user_alloc                     - Undefined Weak Reference
    _terminateio                              - Undefined Weak Reference
    __Vectors_Size                           0x00000130   Number         0  startup_stm32f10x_hd.o ABSOLUTE
    __Vectors                                0x08000000   Data           4  startup_stm32f10x_hd.o(RESET)
    __Vectors_End                            0x08000130   Data           0  startup_stm32f10x_hd.o(RESET)
    __main                                   0x08000131   Thumb Code     8  __main.o(!!!main)
    __scatterload                            0x08000139   Thumb Code     0  __scatter.o(!!!scatter)
    __scatterload_rt2                        0x08000139   Thumb Code    44  __scatter.o(!!!scatter)
    __scatterload_rt2_thumb_only             0x08000139   Thumb Code     0  __scatter.o(!!!scatter)
    __scatterload_null                       0x08000147   Thumb Code     0  __scatter.o(!!!scatter)
    __scatterload_copy                       0x0800016d   Thumb Code    26  __scatter_copy.o(!!handler_copy)
    __scatterload_zeroinit                   0x08000189   Thumb Code    28  __scatter_zi.o(!!handler_zi)
    __rt_lib_init                            0x080001a5   Thumb Code     0  libinit.o(.ARM.Collect$$libinit$$00000000)
    __rt_lib_init_alloca_1                   0x080001a7   Thumb Code     0  libinit2.o(.ARM.Collect$$libinit$$0000002C)
    __rt_lib_init_argv_1                     0x080001a7   Thumb Code     0  libinit2.o(.ARM.Collect$$libinit$$0000002A)
    __rt_lib_init_atexit_1                   0x080001a7   Thumb Code     0  libinit2.o(.ARM.Collect$$libinit$$00000019)
    __rt_lib_init_clock_1                    0x080001a7   Thumb Code     0  libinit2.o(.ARM.Collect$$libinit$$0000001F)
    __rt_lib_init_cpp_1                      0x080001a7   Thumb Code     0  libinit2.o(.ARM.Collect$$libinit$$00000030)
    __rt_lib_init_exceptions_1               0x080001a7   Thumb Code     0  libinit2.o(.ARM.Collect$$libinit$$0000002E)
    __rt_lib_init_fp_1                       0x080001a7   Thumb Code     0  libinit2.o(.ARM.Collect$$libinit$$00000002)
    __rt_lib_init_fp_trap_1                  0x080001a7   Thumb Code     0  libinit2.o(.ARM.Collect$$libinit$$0000001D)
    __rt_lib_init_getenv_1                   0x080001a7   Thumb Code     0  libinit2.o(.ARM.Collect$$libinit$$00000021)
    __rt_lib_init_heap_1                     0x080001a7   Thumb Code     0  libinit2.o(.ARM.Collect$$libinit$$00000008)
    __rt_lib_init_lc_collate_1               0x080001a7   Thumb Code     0  libinit2.o(.ARM.Collect$$libinit$$0000000F)
    __rt_lib_init_lc_ctype_1                 0x080001a7   Thumb Code     0  libinit2.o(.ARM.Collect$$libinit$$00000011)
    __rt_lib_init_lc_monetary_1              0x080001a7   Thumb Code     0  libinit2.o(.ARM.Collect$$libinit$$00000013)
    __rt_lib_init_lc_numeric_1               0x080001a7   Thumb Code     0  libinit2.o(.ARM.Collect$$libinit$$00000015)
    __rt_lib_init_lc_time_1                  0x080001a7   Thumb Code     0  libinit2.o(.ARM.Collect$$libinit$$00000017)
    __rt_lib_init_rand_1                     0x080001a7   Thumb Code     0  libinit2.o(.ARM.Collect$$libinit$$0000000C)
    __rt_lib_init_return                     0x080001a7   Thumb Code     0  libinit2.o(.ARM.Collect$$libinit$$00000031)
    __rt_lib_init_signal_1                   0x080001a7   Thumb Code     0  libinit2.o(.ARM.Collect$$libinit$$0000001B)
    __rt_lib_init_stdio_1                    0x080001a7   Thumb Code     0  libinit2.o(.ARM.Collect$$libinit$$00000023)
    __rt_lib_init_user_alloc_1               0x080001a7   Thumb Code     0  libinit2.o(.ARM.Collect$$libinit$$0000000A)
    __rt_lib_shutdown                        0x080001a9   Thumb Code     0  libshutdown.o(.ARM.Collect$$libshutdown$$00000000)
    __rt_lib_shutdown_fp_trap_1              0x080001ab   Thumb Code     0  libshutdown2.o(.ARM.Collect$$libshutdown$$00000006)
    __rt_lib_shutdown_heap_1                 0x080001ab   Thumb Code     0  libshutdown2.o(.ARM.Collect$$libshutdown$$0000000E)
    __rt_lib_shutdown_return                 0x080001ab   Thumb Code     0  libshutdown2.o(.ARM.Collect$$libshutdown$$0000000F)
    __rt_lib_shutdown_signal_1               0x080001ab   Thumb Code     0  libshutdown2.o(.ARM.Collect$$libshutdown$$00000009)
    __rt_lib_shutdown_stdio_1                0x080001ab   Thumb Code     0  libshutdown2.o(.ARM.Collect$$libshutdown$$00000003)
    __rt_lib_shutdown_user_alloc_1           0x080001ab   Thumb Code     0  libshutdown2.o(.ARM.Collect$$libshutdown$$0000000B)
    __rt_entry                               0x080001ad   Thumb Code     0  rtentry.o(.ARM.Collect$$rtentry$$00000000)
    __rt_entry_presh_1                       0x080001ad   Thumb Code     0  rtentry2.o(.ARM.Collect$$rtentry$$00000002)
    __rt_entry_sh                            0x080001ad   Thumb Code     0  rtentry4.o(.ARM.Collect$$rtentry$$00000004)
    __rt_entry_li                            0x080001b3   Thumb Code     0  rtentry2.o(.ARM.Collect$$rtentry$$0000000A)
    __rt_entry_postsh_1                      0x080001b3   Thumb Code     0  rtentry2.o(.ARM.Collect$$rtentry$$00000009)
    __rt_entry_main                          0x080001b7   Thumb Code     0  rtentry2.o(.ARM.Collect$$rtentry$$0000000D)
    __rt_entry_postli_1                      0x080001b7   Thumb Code     0  rtentry2.o(.ARM.Collect$$rtentry$$0000000C)
    __rt_exit                                0x080001bf   Thumb Code     0  rtexit.o(.ARM.Collect$$rtexit$$00000000)
    __rt_exit_ls                             0x080001c1   Thumb Code     0  rtexit2.o(.ARM.Collect$$rtexit$$00000003)
    __rt_exit_prels_1                        0x080001c1   Thumb Code     0  rtexit2.o(.ARM.Collect$$rtexit$$00000002)
    __rt_exit_exit                           0x080001c5   Thumb Code     0  rtexit2.o(.ARM.Collect$$rtexit$$00000004)
    Reset_Handler                            0x080001cd   Thumb Code     8  startup_stm32f10x_hd.o(.text)
    ADC1_2_IRQHandler                        0x080001e7   Thumb Code     0  startup_stm32f10x_hd.o(.text)
    ADC3_IRQHandler                          0x080001e7   Thumb Code     0  startup_stm32f10x_hd.o(.text)
    CAN1_RX1_IRQHandler                      0x080001e7   Thumb Code     0  startup_stm32f10x_hd.o(.text)
    CAN1_SCE_IRQHandler                      0x080001e7   Thumb Code     0  startup_stm32f10x_hd.o(.text)
    DMA1_Channel1_IRQHandler                 0x080001e7   Thumb Code     0  startup_stm32f10x_hd.o(.text)
    DMA1_Channel2_IRQHandler                 0x080001e7   Thumb Code     0  startup_stm32f10x_hd.o(.text)
    DMA1_Channel3_IRQHandler                 0x080001e7   Thumb Code     0  startup_stm32f10x_hd.o(.text)
    DMA1_Channel4_IRQHandler                 0x080001e7   Thumb Code     0  startup_stm32f10x_hd.o(.text)
    DMA1_Channel5_IRQHandler                 0x080001e7   Thumb Code     0  startup_stm32f10x_hd.o(.text)
    DMA1_Channel6_IRQHandler                 0x080001e7   Thumb Code     0  startup_stm32f10x_hd.o(.text)
    DMA1_Channel7_IRQHandler                 0x080001e7   Thumb Code     0  startup_stm32f10x_hd.o(.text)
    DMA2_Channel1_IRQHandler                 0x080001e7   Thumb Code     0  startup_stm32f10x_hd.o(.text)
    DMA2_Channel2_IRQHandler                 0x080001e7   Thumb Code     0  startup_stm32f10x_hd.o(.text)
    DMA2_Channel3_IRQHandler                 0x080001e7   Thumb Code     0  startup_stm32f10x_hd.o(.text)
    DMA2_Channel4_5_IRQHandler               0x080001e7   Thumb Code     0  startup_stm32f10x_hd.o(.text)
    EXTI0_IRQHandler                         0x080001e7   Thumb Code     0  startup_stm32f10x_hd.o(.text)
    EXTI15_10_IRQHandler                     0x080001e7   Thumb Code     0  startup_stm32f10x_hd.o(.text)
    EXTI1_IRQHandler                         0x080001e7   Thumb Code     0  startup_stm32f10x_hd.o(.text)
    EXTI2_IRQHandler                         0x080001e7   Thumb Code     0  startup_stm32f10x_hd.o(.text)
    EXTI3_IRQHandler                         0x080001e7   Thumb Code     0  startup_stm32f10x_hd.o(.text)
    EXTI9_5_IRQHandler                       0x080001e7   Thumb Code     0  startup_stm32f10x_hd.o(.text)
    FLASH_IRQHandler                         0x080001e7   Thumb Code     0  startup_stm32f10x_hd.o(.text)
    FSMC_IRQHandler                          0x080001e7   Thumb Code     0  startup_stm32f10x_hd.o(.text)
    I2C1_ER_IRQHandler                       0x080001e7   Thumb Code     0  startup_stm32f10x_hd.o(.text)
    I2C1_EV_IRQHandler                       0x080001e7   Thumb Code     0  startup_stm32f10x_hd.o(.text)
    I2C2_ER_IRQHandler                       0x080001e7   Thumb Code     0  startup_stm32f10x_hd.o(.text)
    I2C2_EV_IRQHandler                       0x080001e7   Thumb Code     0  startup_stm32f10x_hd.o(.text)
    PVD_IRQHandler                           0x080001e7   Thumb Code     0  startup_stm32f10x_hd.o(.text)
    RCC_IRQHandler                           0x080001e7   Thumb Code     0  startup_stm32f10x_hd.o(.text)
    RTCAlarm_IRQHandler                      0x080001e7   Thumb Code     0  startup_stm32f10x_hd.o(.text)
    SDIO_IRQHandler                          0x080001e7   Thumb Code     0  startup_stm32f10x_hd.o(.text)
    SPI1_IRQHandler                          0x080001e7   Thumb Code     0  startup_stm32f10x_hd.o(.text)
    SPI2_IRQHandler                          0x080001e7   Thumb Code     0  startup_stm32f10x_hd.o(.text)
    SPI3_IRQHandler                          0x080001e7   Thumb Code     0  startup_stm32f10x_hd.o(.text)
    TAMPER_IRQHandler                        0x080001e7   Thumb Code     0  startup_stm32f10x_hd.o(.text)
    TIM1_BRK_IRQHandler                      0x080001e7   Thumb Code     0  startup_stm32f10x_hd.o(.text)
    TIM1_CC_IRQHandler                       0x080001e7   Thumb Code     0  startup_stm32f10x_hd.o(.text)
    TIM1_TRG_COM_IRQHandler                  0x080001e7   Thumb Code     0  startup_stm32f10x_hd.o(.text)
    TIM1_UP_IRQHandler                       0x080001e7   Thumb Code     0  startup_stm32f10x_hd.o(.text)
    TIM2_IRQHandler                          0x080001e7   Thumb Code     0  startup_stm32f10x_hd.o(.text)
    TIM3_IRQHandler                          0x080001e7   Thumb Code     0  startup_stm32f10x_hd.o(.text)
    TIM4_IRQHandler                          0x080001e7   Thumb Code     0  startup_stm32f10x_hd.o(.text)
    TIM5_IRQHandler                          0x080001e7   Thumb Code     0  startup_stm32f10x_hd.o(.text)
    TIM6_IRQHandler                          0x080001e7   Thumb Code     0  startup_stm32f10x_hd.o(.text)
    TIM7_IRQHandler                          0x080001e7   Thumb Code     0  startup_stm32f10x_hd.o(.text)
    TIM8_BRK_IRQHandler                      0x080001e7   Thumb Code     0  startup_stm32f10x_hd.o(.text)
    TIM8_CC_IRQHandler                       0x080001e7   Thumb Code     0  startup_stm32f10x_hd.o(.text)
    TIM8_TRG_COM_IRQHandler                  0x080001e7   Thumb Code     0  startup_stm32f10x_hd.o(.text)
    TIM8_UP_IRQHandler                       0x080001e7   Thumb Code     0  startup_stm32f10x_hd.o(.text)
    UART5_IRQHandler                         0x080001e7   Thumb Code     0  startup_stm32f10x_hd.o(.text)
    USBWakeUp_IRQHandler                     0x080001e7   Thumb Code     0  startup_stm32f10x_hd.o(.text)
    USB_HP_CAN1_TX_IRQHandler                0x080001e7   Thumb Code     0  startup_stm32f10x_hd.o(.text)
    USB_LP_CAN1_RX0_IRQHandler               0x080001e7   Thumb Code     0  startup_stm32f10x_hd.o(.text)
    WWDG_IRQHandler                          0x080001e7   Thumb Code     0  startup_stm32f10x_hd.o(.text)
    __user_initial_stackheap                 0x080001e9   Thumb Code     0  startup_stm32f10x_hd.o(.text)
    OS_CPU_SR_Save                           0x0800020d   Thumb Code     0  os_cpu_a.o(.text)
    OS_CPU_SR_Restore                        0x08000215   Thumb Code     0  os_cpu_a.o(.text)
    OSStartHighRdy                           0x0800021b   Thumb Code     0  os_cpu_a.o(.text)
    OSCtxSw                                  0x0800023d   Thumb Code     0  os_cpu_a.o(.text)
    OSIntCtxSw                               0x0800024b   Thumb Code     0  os_cpu_a.o(.text)
    PendSV_Handler                           0x0800025b   Thumb Code     0  os_cpu_a.o(.text)
    __aeabi_memcpy                           0x080002c1   Thumb Code     0  rt_memcpy_v6.o(.text)
    __rt_memcpy                              0x080002c1   Thumb Code   138  rt_memcpy_v6.o(.text)
    _memcpy_lastbytes                        0x08000327   Thumb Code     0  rt_memcpy_v6.o(.text)
    __use_two_region_memory                  0x0800034b   Thumb Code     2  heapauxi.o(.text)
    __rt_heap_escrow$2region                 0x0800034d   Thumb Code     2  heapauxi.o(.text)
    __rt_heap_expand$2region                 0x0800034f   Thumb Code     2  heapauxi.o(.text)
    __aeabi_memcpy4                          0x08000351   Thumb Code     0  rt_memcpy_w.o(.text)
    __aeabi_memcpy8                          0x08000351   Thumb Code     0  rt_memcpy_w.o(.text)
    __rt_memcpy_w                            0x08000351   Thumb Code   100  rt_memcpy_w.o(.text)
    _memcpy_lastbytes_aligned                0x08000399   Thumb Code     0  rt_memcpy_w.o(.text)
    __user_setup_stackheap                   0x080003b5   Thumb Code    74  sys_stackheap_outer.o(.text)
    exit                                     0x080003ff   Thumb Code    12  exit.o(.text)
    __user_libspace                          0x0800040d   Thumb Code     8  libspace.o(.text)
    __user_perproc_libspace                  0x0800040d   Thumb Code     0  libspace.o(.text)
    __user_perthread_libspace                0x0800040d   Thumb Code     0  libspace.o(.text)
    _sys_exit                                0x08000415   Thumb Code     8  sys_exit.o(.text)
    __I$use$semihosting                      0x08000421   Thumb Code     0  use_no_semi.o(.text)
    __use_no_semihosting_swi                 0x08000421   Thumb Code     2  use_no_semi.o(.text)
    BKP_DeInit                               0x08000423   Thumb Code    16  stm32f10x_bkp.o(i.BKP_DeInit)
    __semihosting_library_function           0x08000423   Thumb Code     0  indicate_semi.o(.text)
    BKP_ReadBackupRegister                   0x08000435   Thumb Code    24  stm32f10x_bkp.o(i.BKP_ReadBackupRegister)
    BKP_WriteBackupRegister                  0x08000451   Thumb Code    22  stm32f10x_bkp.o(i.BKP_WriteBackupRegister)
    BSP_init                                 0x0800046d   Thumb Code    16  bsp.o(i.BSP_init)
    BusFault_Handler                         0x0800047d   Thumb Code     4  stm32f10x_it.o(i.BusFault_Handler)
    Com1_init                                0x08000481   Thumb Code    32  usart.o(i.Com1_init)
    Com2_init                                0x080004ad   Thumb Code    32  usart.o(i.Com2_init)
    Com3_init                                0x080004d9   Thumb Code    32  usart.o(i.Com3_init)
    Com4_init                                0x08000505   Thumb Code    32  usart.o(i.Com4_init)
    DMA_Cmd                                  0x08000531   Thumb Code    24  stm32f10x_dma.o(i.DMA_Cmd)
    DMA_DeInit                               0x08000549   Thumb Code   324  stm32f10x_dma.o(i.DMA_DeInit)
    DMA_GetCurrDataCounter                   0x08000695   Thumb Code     8  stm32f10x_dma.o(i.DMA_GetCurrDataCounter)
    DMA_Init                                 0x0800069d   Thumb Code    60  stm32f10x_dma.o(i.DMA_Init)
    DMA_PM_Config                            0x080006d9   Thumb Code    84  dma.o(i.DMA_PM_Config)
    DMA_Rx_Enable                            0x08000731   Thumb Code   192  dma.o(i.DMA_Rx_Enable)
    DMA_SetCurrDataCounter                   0x0800080d   Thumb Code     4  stm32f10x_dma.o(i.DMA_SetCurrDataCounter)
    DebugMon_Handler                         0x08000811   Thumb Code     2  stm32f10x_it.o(i.DebugMon_Handler)
    EXTI4_IRQHandler                         0x08000815   Thumb Code    50  interrupt.o(i.EXTI4_IRQHandler)
    EXTI_ClearITPendingBit                   0x08000851   Thumb Code     6  stm32f10x_exti.o(i.EXTI_ClearITPendingBit)
    EXTI_GetITStatus                         0x0800085d   Thumb Code    34  stm32f10x_exti.o(i.EXTI_GetITStatus)
    GPIO_Init                                0x08000885   Thumb Code   278  stm32f10x_gpio.o(i.GPIO_Init)
    GPIO_ReadInputDataBit                    0x0800099b   Thumb Code    18  stm32f10x_gpio.o(i.GPIO_ReadInputDataBit)
    GPIO_ResetBits                           0x080009ad   Thumb Code     4  stm32f10x_gpio.o(i.GPIO_ResetBits)
    GPIO_SetBits                             0x080009b1   Thumb Code     4  stm32f10x_gpio.o(i.GPIO_SetBits)
    HardFault_Handler                        0x080009b5   Thumb Code     4  stm32f10x_it.o(i.HardFault_Handler)
    Is_Leap_Year                             0x080009b9   Thumb Code    58  rtc.o(i.Is_Leap_Year)
    MemManage_Handler                        0x080009f3   Thumb Code     4  stm32f10x_it.o(i.MemManage_Handler)
    NMI_Handler                              0x080009f7   Thumb Code     2  stm32f10x_it.o(i.NMI_Handler)
    NVIC_Configuration                       0x080009f9   Thumb Code    12  sys.o(i.NVIC_Configuration)
    NVIC_Init                                0x08000a05   Thumb Code   100  misc.o(i.NVIC_Init)
    NVIC_PriorityGroupConfig                 0x08000a75   Thumb Code    10  misc.o(i.NVIC_PriorityGroupConfig)
    OSInit                                   0x08000a89   Thumb Code    44  os_core.o(i.OSInit)
    OSInitHookBegin                          0x08000ab5   Thumb Code     2  os_cpu_c.o(i.OSInitHookBegin)
    OSInitHookEnd                            0x08000ab7   Thumb Code     2  os_cpu_c.o(i.OSInitHookEnd)
    OSIntEnter                               0x08000ab9   Thumb Code    28  os_core.o(i.OSIntEnter)
    OSIntExit                                0x08000add   Thumb Code   112  os_core.o(i.OSIntExit)
    OSSemCreate                              0x08000b6d   Thumb Code    68  os_sem.o(i.OSSemCreate)
    OSSemPend                                0x08000bb9   Thumb Code   222  os_sem.o(i.OSSemPend)
    OSSemPost                                0x08000ca5   Thumb Code    88  os_sem.o(i.OSSemPost)
    OSSem_init                               0x08000cfd   Thumb Code    64  main.o(i.OSSem_init)
    OSStart                                  0x08000d55   Thumb Code    48  os_core.o(i.OSStart)
    OSStatInit                               0x08000d9d   Thumb Code    62  os_core.o(i.OSStatInit)
    OSTCBInitHook                            0x08000de9   Thumb Code     2  os_cpu_c.o(i.OSTCBInitHook)
    OSTaskCreate                             0x08000ded   Thumb Code   148  os_task.o(i.OSTaskCreate)
    OSTaskCreateExt                          0x08000e8d   Thumb Code   170  os_task.o(i.OSTaskCreateExt)
    OSTaskCreateHook                         0x08000f45   Thumb Code     2  os_cpu_c.o(i.OSTaskCreateHook)
    OSTaskIdleHook                           0x08000f47   Thumb Code     2  os_cpu_c.o(i.OSTaskIdleHook)
    OSTaskNameSet                            0x08000f49   Thumb Code    98  os_task.o(i.OSTaskNameSet)
    OSTaskStatHook                           0x08000fb9   Thumb Code     2  os_cpu_c.o(i.OSTaskStatHook)
    OSTaskStkChk                             0x08000fbd   Thumb Code   132  os_task.o(i.OSTaskStkChk)
    OSTaskStkInit                            0x08001049   Thumb Code   154  os_cpu_c.o(i.OSTaskStkInit)
    OSTaskSuspend                            0x080010e5   Thumb Code   152  os_task.o(i.OSTaskSuspend)
    OSTaskSwHook                             0x0800118d   Thumb Code     2  os_cpu_c.o(i.OSTaskSwHook)
    OSTimeDly                                0x08001191   Thumb Code   100  os_time.o(i.OSTimeDly)
    OSTimeDlyHMSM                            0x08001209   Thumb Code    86  os_time.o(i.OSTimeDlyHMSM)
    OSTimeSet                                0x08001269   Thumb Code    24  os_time.o(i.OSTimeSet)
    OSTimeTick                               0x08001285   Thumb Code   210  os_core.o(i.OSTimeTick)
    OSTimeTickHook                           0x08001371   Thumb Code     2  os_cpu_c.o(i.OSTimeTickHook)
    OS_EventTaskRdy                          0x08001375   Thumb Code   114  os_core.o(i.OS_EventTaskRdy)
    OS_EventTaskRemove                       0x080013f9   Thumb Code    42  os_core.o(i.OS_EventTaskRemove)
    OS_EventTaskWait                         0x08001425   Thumb Code   112  os_core.o(i.OS_EventTaskWait)
    OS_EventWaitListInit                     0x080014a1   Thumb Code    28  os_core.o(i.OS_EventWaitListInit)
    OS_FlagInit                              0x080014bd   Thumb Code    74  os_flag.o(i.OS_FlagInit)
    OS_MemClr                                0x08001721   Thumb Code    18  os_core.o(i.OS_MemClr)
    OS_QInit                                 0x08001735   Thumb Code    72  os_q.o(i.OS_QInit)
    OS_Sched                                 0x08001785   Thumb Code    88  os_core.o(i.OS_Sched)
    OS_TCBInit                               0x08001825   Thumb Code   278  os_core.o(i.OS_TCBInit)
    OS_TaskIdle                              0x08001959   Thumb Code    34  os_core.o(i.OS_TaskIdle)
    OS_TaskStat                              0x08001981   Thumb Code   116  os_core.o(i.OS_TaskStat)
    OS_TaskStatStkChk                        0x08001a09   Thumb Code    54  os_core.o(i.OS_TaskStatStkChk)
    OS_TaskStkClr                            0x08001a45   Thumb Code    26  os_task.o(i.OS_TaskStkClr)
    PWR_BackupAccessCmd                      0x08001a61   Thumb Code     6  stm32f10x_pwr.o(i.PWR_BackupAccessCmd)
    RCC_AHBPeriphClockCmd                    0x08001a6d   Thumb Code    26  stm32f10x_rcc.o(i.RCC_AHBPeriphClockCmd)
    RCC_APB1PeriphClockCmd                   0x08001a8d   Thumb Code    26  stm32f10x_rcc.o(i.RCC_APB1PeriphClockCmd)
    RCC_APB2PeriphClockCmd                   0x08001aad   Thumb Code    26  stm32f10x_rcc.o(i.RCC_APB2PeriphClockCmd)
    RCC_BackupResetCmd                       0x08001acd   Thumb Code     6  stm32f10x_rcc.o(i.RCC_BackupResetCmd)
    RCC_GetClocksFreq                        0x08001ad9   Thumb Code   192  stm32f10x_rcc.o(i.RCC_GetClocksFreq)
    RCC_GetFlagStatus                        0x08001bad   Thumb Code    56  stm32f10x_rcc.o(i.RCC_GetFlagStatus)
    RCC_LSICmd                               0x08001be9   Thumb Code     6  stm32f10x_rcc.o(i.RCC_LSICmd)
    RCC_RTCCLKCmd                            0x08001bf5   Thumb Code     6  stm32f10x_rcc.o(i.RCC_RTCCLKCmd)
    RCC_RTCCLKConfig                         0x08001c01   Thumb Code    12  stm32f10x_rcc.o(i.RCC_RTCCLKConfig)
    RTC_ClearITPendingBit                    0x08001c11   Thumb Code    12  stm32f10x_rtc.o(i.RTC_ClearITPendingBit)
    RTC_Config                               0x08001c21   Thumb Code   226  rtc.o(i.RTC_Config)
    RTC_EnterConfigMode                      0x08001d09   Thumb Code    14  stm32f10x_rtc.o(i.RTC_EnterConfigMode)
    RTC_ExitConfigMode                       0x08001d1d   Thumb Code    16  stm32f10x_rtc.o(i.RTC_ExitConfigMode)
    RTC_Get                                  0x08001d31   Thumb Code   240  rtc.o(i.RTC_Get)
    RTC_GetCounter                           0x08001e31   Thumb Code    16  stm32f10x_rtc.o(i.RTC_GetCounter)
    RTC_GetITStatus                          0x08001e45   Thumb Code    32  stm32f10x_rtc.o(i.RTC_GetITStatus)
    RTC_Get_Week                             0x08001e69   Thumb Code   116  rtc.o(i.RTC_Get_Week)
    RTC_IRQHandler                           0x08001ee1   Thumb Code    26  rtc.o(i.RTC_IRQHandler)
    RTC_ITConfig                             0x08001efd   Thumb Code    26  stm32f10x_rtc.o(i.RTC_ITConfig)
    RTC_Init                                 0x08001f1d   Thumb Code     8  rtc.o(i.RTC_Init)
    RTC_Set                                  0x08001f49   Thumb Code   184  rtc.o(i.RTC_Set)
    RTC_SetCounter                           0x08002011   Thumb Code    24  stm32f10x_rtc.o(i.RTC_SetCounter)
    RTC_SetPrescaler                         0x0800202d   Thumb Code    26  stm32f10x_rtc.o(i.RTC_SetPrescaler)
    RTC_WaitForLastTask                      0x0800204d   Thumb Code    16  stm32f10x_rtc.o(i.RTC_WaitForLastTask)
    RTC_WaitForSynchro                       0x08002061   Thumb Code    30  stm32f10x_rtc.o(i.RTC_WaitForSynchro)
    SVC_Handler                              0x08002085   Thumb Code     2  stm32f10x_it.o(i.SVC_Handler)
    SysTick_CLKSourceConfig                  0x08002171   Thumb Code    40  misc.o(i.SysTick_CLKSourceConfig)
    SysTick_Handler                          0x08002199   Thumb Code    16  delay.o(i.SysTick_Handler)
    SystemInit                               0x080021a9   Thumb Code    78  system_stm32f10x.o(i.SystemInit)
    Target1_task                             0x08002209   Thumb Code   136  logictask.o(i.Target1_task)
    Target2_task                             0x0800229d   Thumb Code    76  target2.o(i.Target2_task)
    Target3_task                             0x080022f5   Thumb Code    76  plc.o(i.Target3_task)
    Target4_task                             0x0800234d   Thumb Code    76  com2_task.o(i.Target4_task)
    UART4_IRQHandler                         0x080023a5   Thumb Code   110  usart4.o(i.UART4_IRQHandler)
    USART1_IRQHandler                        0x08002421   Thumb Code   110  usart1.o(i.USART1_IRQHandler)
    USART2_IRQHandler                        0x0800249d   Thumb Code   128  usart2.o(i.USART2_IRQHandler)
    USART3_IRQHandler                        0x0800252d   Thumb Code   118  usart3.o(i.USART3_IRQHandler)
    USART_ClearITPendingBit                  0x080025b1   Thumb Code    30  stm32f10x_usart.o(i.USART_ClearITPendingBit)
    USART_Cmd                                0x080025cf   Thumb Code    24  stm32f10x_usart.o(i.USART_Cmd)
    USART_DMACmd                             0x080025e7   Thumb Code    18  stm32f10x_usart.o(i.USART_DMACmd)
    USART_GetFlagStatus                      0x080025f9   Thumb Code    26  stm32f10x_usart.o(i.USART_GetFlagStatus)
    USART_GetITStatus                        0x08002613   Thumb Code    84  stm32f10x_usart.o(i.USART_GetITStatus)
    USART_ITConfig                           0x08002667   Thumb Code    74  stm32f10x_usart.o(i.USART_ITConfig)
    USART_Init                               0x080026b1   Thumb Code   210  stm32f10x_usart.o(i.USART_Init)
    USART_SendData                           0x08002789   Thumb Code     8  stm32f10x_usart.o(i.USART_SendData)
    UsageFault_Handler                       0x08002791   Thumb Code     4  stm32f10x_it.o(i.UsageFault_Handler)
    delay_init                               0x08002795   Thumb Code    76  delay.o(i.delay_init)
    delay_ms                                 0x080027f1   Thumb Code    62  delay.o(i.delay_ms)
    delay_us                                 0x08002839   Thumb Code    70  delay.o(i.delay_us)
    device_test                              0x08002885   Thumb Code     2  logictask.o(i.device_test)
    main                                     0x08002889   Thumb Code    30  main.o(i.main)
    plcmodule_init                           0x080028b1   Thumb Code    78  plcmodule.o(i.plcmodule_init)
    receive_msg_from_com1                    0x08002909   Thumb Code    64  logictask.o(i.receive_msg_from_com1)
    receive_msg_from_com4                    0x08002959   Thumb Code    64  logictask.o(i.receive_msg_from_com4)
    send_to_com1                             0x080029a9   Thumb Code    42  target2.o(i.send_to_com1)
    send_to_com2                             0x080029d9   Thumb Code    42  com2_task.o(i.send_to_com2)
    send_to_com4                             0x08002a09   Thumb Code    42  plc.o(i.send_to_com4)
    start_task                               0x08002a39   Thumb Code    88  main.o(i.start_task)
    uart4_init                               0x08002ab1   Thumb Code   174  usart4.o(i.uart4_init)
    usart1_init                              0x08002b69   Thumb Code   154  usart1.o(i.usart1_init)
    usart2_init                              0x08002c0d   Thumb Code   156  usart2.o(i.usart2_init)
    usart3_init                              0x08002cb1   Thumb Code   196  usart3.o(i.usart3_init)
    usart_init                               0x08002d7d   Thumb Code   174  main.o(i.usart_init)
    table_week                               0x08002e54   Data          12  rtc.o(.constdata)
    mon_table                                0x08002e60   Data          12  rtc.o(.constdata)
    OSUnMapTbl                               0x08002e6c   Data         256  os_core.o(.constdata)
    Region$$Table$$Base                      0x08002f6c   Number         0  anon$$obj.o(Region$$Table)
    Region$$Table$$Limit                     0x08002f8c   Number         0  anon$$obj.o(Region$$Table)
    Com1_rx_sem                              0x20000000   Data           4  logictask.o(.data)
    Com1_tx_sem                              0x20000004   Data           4  logictask.o(.data)
    Com2_rx_sem                              0x20000008   Data           4  logictask.o(.data)
    Com2_tx_sem                              0x2000000c   Data           4  logictask.o(.data)
    Com4_rx_sem                              0x20000010   Data           4  logictask.o(.data)
    Com4_tx_sem                              0x20000014   Data           4  logictask.o(.data)
    workStatus                               0x20000018   Data           1  logictask.o(.data)
    plc_cmd                                  0x20000019   Data          56  logictask.o(.data)
    plc_cmd_reply                            0x20000051   Data          15  logictask.o(.data)
    SystemCoreClock                          0x20000060   Data           4  system_stm32f10x.o(.data)
    AHBPrescTable                            0x20000064   Data          16  system_stm32f10x.o(.data)
    DMA1_MEM_LEN                             0x20000078   Data           2  dma.o(.data)
    INPUT1                                   0x2000007a   Data           1  interrupt.o(.data)
    time_down                                0x2000007c   Data           1  rtc.o(.data)
    timeflag                                 0x2000007d   Data           1  rtc.o(.data)
    OSCtxSwCtr                               0x20000094   Data           4  os_core.o(.data)
    OSEventFreeList                          0x20000098   Data           4  os_core.o(.data)
    OSFlagFreeList                           0x2000009c   Data           4  os_core.o(.data)
    OSCPUUsage                               0x200000a0   Data           1  os_core.o(.data)
    OSIdleCtrMax                             0x200000a4   Data           4  os_core.o(.data)
    OSIdleCtrRun                             0x200000a8   Data           4  os_core.o(.data)
    OSStatRdy                                0x200000ac   Data           1  os_core.o(.data)
    OSIntNesting                             0x200000ad   Data           1  os_core.o(.data)
    OSLockNesting                            0x200000ae   Data           1  os_core.o(.data)
    OSPrioCur                                0x200000af   Data           1  os_core.o(.data)
    OSPrioHighRdy                            0x200000b0   Data           1  os_core.o(.data)
    OSRdyGrp                                 0x200000b1   Data           1  os_core.o(.data)
    OSRdyTbl                                 0x200000b2   Data           8  os_core.o(.data)
    OSRunning                                0x200000ba   Data           1  os_core.o(.data)
    OSTaskCtr                                0x200000bb   Data           1  os_core.o(.data)
    OSIdleCtr                                0x200000bc   Data           4  os_core.o(.data)
    OSTCBCur                                 0x200000c0   Data           4  os_core.o(.data)
    OSTCBFreeList                            0x200000c4   Data           4  os_core.o(.data)
    OSTCBHighRdy                             0x200000c8   Data           4  os_core.o(.data)
    OSTCBList                                0x200000cc   Data           4  os_core.o(.data)
    OSTickStepState                          0x200000d0   Data           1  os_core.o(.data)
    OSQFreeList                              0x200000d4   Data           4  os_core.o(.data)
    OSTime                                   0x200000d8   Data           4  os_core.o(.data)
    START_TASK_STK                           0x200000dc   Data         256  main.o(.bss)
    Target1_TASK_STK                         0x200001dc   Data         512  main.o(.bss)
    Target2_TASK_STK                         0x200003dc   Data         512  main.o(.bss)
    Target3_TASK_STK                         0x200005dc   Data         512  main.o(.bss)
    Target4_TASK_STK                         0x200007dc   Data         512  main.o(.bss)
    com1                                     0x200009dc   Data          16  usart.o(.bss)
    com2                                     0x200009ec   Data          16  usart.o(.bss)
    com3                                     0x200009fc   Data          16  usart.o(.bss)
    com4                                     0x20000a0c   Data          16  usart.o(.bss)
    DMA_RX_BUF1                              0x20000a1c   Data         128  usart.o(.bss)
    DMA_TX_BUF1                              0x20000a9c   Data         128  usart.o(.bss)
    DMA_RX_BUF2                              0x20000b1c   Data         128  usart.o(.bss)
    DMA_TX_BUF2                              0x20000b9c   Data         128  usart.o(.bss)
    DMA_RX_BUF3                              0x20000c1c   Data         128  usart.o(.bss)
    DMA_TX_BUF3                              0x20000c9c   Data         128  usart.o(.bss)
    DMA_RX_BUF4                              0x20000d1c   Data         128  usart.o(.bss)
    DMA_TX_BUF4                              0x20000d9c   Data         128  usart.o(.bss)
    STM32_calendar                           0x20000e1c   Data          10  rtc.o(.bss)
    DW_calendar                              0x20000e26   Data          10  rtc.o(.bss)
    OSEventTbl                               0x20000e30   Data         640  os_core.o(.bss)
    OSFlagTbl                                0x200010b0   Data          80  os_core.o(.bss)
    OSTaskStatStk                            0x20001100   Data         512  os_core.o(.bss)
    OSTaskIdleStk                            0x20001300   Data         512  os_core.o(.bss)
    OSTCBPrioTbl                             0x20001500   Data         256  os_core.o(.bss)
    OSTCBTbl                                 0x20001600   Data        1008  os_core.o(.bss)
    OSQTbl                                   0x200019f0   Data         120  os_core.o(.bss)
    __libspace_start                         0x20001a68   Data          96  libspace.o(.bss)
    __temporary_stack_top$libspace           0x20001ac8   Data           0  libspace.o(.bss)



==============================================================================

Memory Map of the image

  Image Entry point : 0x08000131

  Load Region LR_IROM1 (Base: 0x08000000, Size: 0x00003068, Max: 0x00040000, ABSOLUTE)

    Execution Region ER_IROM1 (Base: 0x08000000, Size: 0x00002f8c, Max: 0x00040000, ABSOLUTE)

    Base Addr    Size         Type   Attr      Idx    E Section Name        Object

    0x08000000   0x00000130   Data   RO          342    RESET               startup_stm32f10x_hd.o
    0x08000130   0x00000008   Code   RO         2530  * !!!main             c_w.l(__main.o)
    0x08000138   0x00000034   Code   RO         2686    !!!scatter          c_w.l(__scatter.o)
    0x0800016c   0x0000001a   Code   RO         2688    !!handler_copy      c_w.l(__scatter_copy.o)
    0x08000186   0x00000002   PAD
    0x08000188   0x0000001c   Code   RO         2690    !!handler_zi        c_w.l(__scatter_zi.o)
    0x080001a4   0x00000002   Code   RO         2559    .ARM.Collect$$libinit$$00000000  c_w.l(libinit.o)
    0x080001a6   0x00000000   Code   RO         2566    .ARM.Collect$$libinit$$00000002  c_w.l(libinit2.o)
    0x080001a6   0x00000000   Code   RO         2569    .ARM.Collect$$libinit$$00000008  c_w.l(libinit2.o)
    0x080001a6   0x00000000   Code   RO         2571    .ARM.Collect$$libinit$$0000000A  c_w.l(libinit2.o)
    0x080001a6   0x00000000   Code   RO         2573    .ARM.Collect$$libinit$$0000000C  c_w.l(libinit2.o)
    0x080001a6   0x00000000   Code   RO         2576    .ARM.Collect$$libinit$$0000000F  c_w.l(libinit2.o)
    0x080001a6   0x00000000   Code   RO         2578    .ARM.Collect$$libinit$$00000011  c_w.l(libinit2.o)
    0x080001a6   0x00000000   Code   RO         2580    .ARM.Collect$$libinit$$00000013  c_w.l(libinit2.o)
    0x080001a6   0x00000000   Code   RO         2582    .ARM.Collect$$libinit$$00000015  c_w.l(libinit2.o)
    0x080001a6   0x00000000   Code   RO         2584    .ARM.Collect$$libinit$$00000017  c_w.l(libinit2.o)
    0x080001a6   0x00000000   Code   RO         2586    .ARM.Collect$$libinit$$00000019  c_w.l(libinit2.o)
    0x080001a6   0x00000000   Code   RO         2588    .ARM.Collect$$libinit$$0000001B  c_w.l(libinit2.o)
    0x080001a6   0x00000000   Code   RO         2590    .ARM.Collect$$libinit$$0000001D  c_w.l(libinit2.o)
    0x080001a6   0x00000000   Code   RO         2592    .ARM.Collect$$libinit$$0000001F  c_w.l(libinit2.o)
    0x080001a6   0x00000000   Code   RO         2594    .ARM.Collect$$libinit$$00000021  c_w.l(libinit2.o)
    0x080001a6   0x00000000   Code   RO         2596    .ARM.Collect$$libinit$$00000023  c_w.l(libinit2.o)
    0x080001a6   0x00000000   Code   RO         2600    .ARM.Collect$$libinit$$0000002A  c_w.l(libinit2.o)
    0x080001a6   0x00000000   Code   RO         2602    .ARM.Collect$$libinit$$0000002C  c_w.l(libinit2.o)
    0x080001a6   0x00000000   Code   RO         2604    .ARM.Collect$$libinit$$0000002E  c_w.l(libinit2.o)
    0x080001a6   0x00000000   Code   RO         2606    .ARM.Collect$$libinit$$00000030  c_w.l(libinit2.o)
    0x080001a6   0x00000002   Code   RO         2607    .ARM.Collect$$libinit$$00000031  c_w.l(libinit2.o)
    0x080001a8   0x00000002   Code   RO         2627    .ARM.Collect$$libshutdown$$00000000  c_w.l(libshutdown.o)
    0x080001aa   0x00000000   Code   RO         2641    .ARM.Collect$$libshutdown$$00000003  c_w.l(libshutdown2.o)
    0x080001aa   0x00000000   Code   RO         2644    .ARM.Collect$$libshutdown$$00000006  c_w.l(libshutdown2.o)
    0x080001aa   0x00000000   Code   RO         2647    .ARM.Collect$$libshutdown$$00000009  c_w.l(libshutdown2.o)
    0x080001aa   0x00000000   Code   RO         2649    .ARM.Collect$$libshutdown$$0000000B  c_w.l(libshutdown2.o)
    0x080001aa   0x00000000   Code   RO         2652    .ARM.Collect$$libshutdown$$0000000E  c_w.l(libshutdown2.o)
    0x080001aa   0x00000002   Code   RO         2653    .ARM.Collect$$libshutdown$$0000000F  c_w.l(libshutdown2.o)
    0x080001ac   0x00000000   Code   RO         2532    .ARM.Collect$$rtentry$$00000000  c_w.l(rtentry.o)
    0x080001ac   0x00000000   Code   RO         2536    .ARM.Collect$$rtentry$$00000002  c_w.l(rtentry2.o)
    0x080001ac   0x00000006   Code   RO         2548    .ARM.Collect$$rtentry$$00000004  c_w.l(rtentry4.o)
    0x080001b2   0x00000000   Code   RO         2538    .ARM.Collect$$rtentry$$00000009  c_w.l(rtentry2.o)
    0x080001b2   0x00000004   Code   RO         2539    .ARM.Collect$$rtentry$$0000000A  c_w.l(rtentry2.o)
    0x080001b6   0x00000000   Code   RO         2541    .ARM.Collect$$rtentry$$0000000C  c_w.l(rtentry2.o)
    0x080001b6   0x00000008   Code   RO         2542    .ARM.Collect$$rtentry$$0000000D  c_w.l(rtentry2.o)
    0x080001be   0x00000002   Code   RO         2563    .ARM.Collect$$rtexit$$00000000  c_w.l(rtexit.o)
    0x080001c0   0x00000000   Code   RO         2609    .ARM.Collect$$rtexit$$00000002  c_w.l(rtexit2.o)
    0x080001c0   0x00000004   Code   RO         2610    .ARM.Collect$$rtexit$$00000003  c_w.l(rtexit2.o)
    0x080001c4   0x00000006   Code   RO         2611    .ARM.Collect$$rtexit$$00000004  c_w.l(rtexit2.o)
    0x080001ca   0x00000002   PAD
    0x080001cc   0x00000040   Code   RO          343    .text               startup_stm32f10x_hd.o
    0x0800020c   0x000000b4   Code   RO         2430    .text               os_cpu_a.o
    0x080002c0   0x0000008a   Code   RO         2526    .text               c_w.l(rt_memcpy_v6.o)
    0x0800034a   0x00000006   Code   RO         2528    .text               c_w.l(heapauxi.o)
    0x08000350   0x00000064   Code   RO         2533    .text               c_w.l(rt_memcpy_w.o)
    0x080003b4   0x0000004a   Code   RO         2550    .text               c_w.l(sys_stackheap_outer.o)
    0x080003fe   0x0000000c   Code   RO         2552    .text               c_w.l(exit.o)
    0x0800040a   0x00000002   PAD
    0x0800040c   0x00000008   Code   RO         2560    .text               c_w.l(libspace.o)
    0x08000414   0x0000000c   Code   RO         2619    .text               c_w.l(sys_exit.o)
    0x08000420   0x00000002   Code   RO         2630    .text               c_w.l(use_no_semi.o)
    0x08000422   0x00000000   Code   RO         2632    .text               c_w.l(indicate_semi.o)
    0x08000422   0x00000010   Code   RO         1486    i.BKP_DeInit        stm32f10x_bkp.o
    0x08000432   0x00000002   PAD
    0x08000434   0x0000001c   Code   RO         1491    i.BKP_ReadBackupRegister  stm32f10x_bkp.o
    0x08000450   0x0000001c   Code   RO         1495    i.BKP_WriteBackupRegister  stm32f10x_bkp.o
    0x0800046c   0x00000010   Code   RO          438    i.BSP_init          bsp.o
    0x0800047c   0x00000004   Code   RO          255    i.BusFault_Handler  stm32f10x_it.o
    0x08000480   0x0000002c   Code   RO          405    i.Com1_init         usart.o
    0x080004ac   0x0000002c   Code   RO          406    i.Com2_init         usart.o
    0x080004d8   0x0000002c   Code   RO          407    i.Com3_init         usart.o
    0x08000504   0x0000002c   Code   RO          408    i.Com4_init         usart.o
    0x08000530   0x00000018   Code   RO         1270    i.DMA_Cmd           stm32f10x_dma.o
    0x08000548   0x0000014c   Code   RO         1271    i.DMA_DeInit        stm32f10x_dma.o
    0x08000694   0x00000008   Code   RO         1272    i.DMA_GetCurrDataCounter  stm32f10x_dma.o
    0x0800069c   0x0000003c   Code   RO         1276    i.DMA_Init          stm32f10x_dma.o
    0x080006d8   0x00000058   Code   RO          560    i.DMA_PM_Config     dma.o
    0x08000730   0x000000dc   Code   RO          561    i.DMA_Rx_Enable     dma.o
    0x0800080c   0x00000004   Code   RO         1277    i.DMA_SetCurrDataCounter  stm32f10x_dma.o
    0x08000810   0x00000002   Code   RO          256    i.DebugMon_Handler  stm32f10x_it.o
    0x08000812   0x00000002   PAD
    0x08000814   0x0000003c   Code   RO          598    i.EXTI4_IRQHandler  interrupt.o
    0x08000850   0x0000000c   Code   RO         1341    i.EXTI_ClearITPendingBit  stm32f10x_exti.o
    0x0800085c   0x00000028   Code   RO         1345    i.EXTI_GetITStatus  stm32f10x_exti.o
    0x08000884   0x00000116   Code   RO          780    i.GPIO_Init         stm32f10x_gpio.o
    0x0800099a   0x00000012   Code   RO          784    i.GPIO_ReadInputDataBit  stm32f10x_gpio.o
    0x080009ac   0x00000004   Code   RO          787    i.GPIO_ResetBits    stm32f10x_gpio.o
    0x080009b0   0x00000004   Code   RO          788    i.GPIO_SetBits      stm32f10x_gpio.o
    0x080009b4   0x00000004   Code   RO          257    i.HardFault_Handler  stm32f10x_it.o
    0x080009b8   0x0000003a   Code   RO          619    i.Is_Leap_Year      rtc.o
    0x080009f2   0x00000004   Code   RO          258    i.MemManage_Handler  stm32f10x_it.o
    0x080009f6   0x00000002   Code   RO          259    i.NMI_Handler       stm32f10x_it.o
    0x080009f8   0x0000000c   Code   RO          393    i.NVIC_Configuration  sys.o
    0x08000a04   0x00000070   Code   RO          738    i.NVIC_Init         misc.o
    0x08000a74   0x00000014   Code   RO          739    i.NVIC_PriorityGroupConfig  misc.o
    0x08000a88   0x0000002c   Code   RO         1796    i.OSInit            os_core.o
    0x08000ab4   0x00000002   Code   RO         2433    i.OSInitHookBegin   os_cpu_c.o
    0x08000ab6   0x00000002   Code   RO         2434    i.OSInitHookEnd     os_cpu_c.o
    0x08000ab8   0x00000024   Code   RO         1797    i.OSIntEnter        os_core.o
    0x08000adc   0x00000090   Code   RO         1798    i.OSIntExit         os_core.o
    0x08000b6c   0x0000004c   Code   RO         2239    i.OSSemCreate       os_sem.o
    0x08000bb8   0x000000ec   Code   RO         2241    i.OSSemPend         os_sem.o
    0x08000ca4   0x00000058   Code   RO         2243    i.OSSemPost         os_sem.o
    0x08000cfc   0x00000058   Code   RO            1    i.OSSem_init        main.o
    0x08000d54   0x00000048   Code   RO         1801    i.OSStart           os_core.o
    0x08000d9c   0x0000004c   Code   RO         1802    i.OSStatInit        os_core.o
    0x08000de8   0x00000002   Code   RO         2435    i.OSTCBInitHook     os_cpu_c.o
    0x08000dea   0x00000002   PAD
    0x08000dec   0x000000a0   Code   RO         2293    i.OSTaskCreate      os_task.o
    0x08000e8c   0x000000b8   Code   RO         2294    i.OSTaskCreateExt   os_task.o
    0x08000f44   0x00000002   Code   RO         2436    i.OSTaskCreateHook  os_cpu_c.o
    0x08000f46   0x00000002   Code   RO         2438    i.OSTaskIdleHook    os_cpu_c.o
    0x08000f48   0x00000070   Code   RO         2298    i.OSTaskNameSet     os_task.o
    0x08000fb8   0x00000002   Code   RO         2440    i.OSTaskStatHook    os_cpu_c.o
    0x08000fba   0x00000002   PAD
    0x08000fbc   0x0000008c   Code   RO         2303    i.OSTaskStkChk      os_task.o
    0x08001048   0x0000009a   Code   RO         2441    i.OSTaskStkInit     os_cpu_c.o
    0x080010e2   0x00000002   PAD
    0x080010e4   0x000000a8   Code   RO         2304    i.OSTaskSuspend     os_task.o
    0x0800118c   0x00000002   Code   RO         2442    i.OSTaskSwHook      os_cpu_c.o
    0x0800118e   0x00000002   PAD
    0x08001190   0x00000078   Code   RO         2388    i.OSTimeDly         os_time.o
    0x08001208   0x00000060   Code   RO         2389    i.OSTimeDlyHMSM     os_time.o
    0x08001268   0x0000001c   Code   RO         2392    i.OSTimeSet         os_time.o
    0x08001284   0x000000ec   Code   RO         1803    i.OSTimeTick        os_core.o
    0x08001370   0x00000002   Code   RO         2443    i.OSTimeTickHook    os_cpu_c.o
    0x08001372   0x00000002   PAD
    0x08001374   0x00000084   Code   RO         1806    i.OS_EventTaskRdy   os_core.o
    0x080013f8   0x0000002a   Code   RO         1807    i.OS_EventTaskRemove  os_core.o
    0x08001422   0x00000002   PAD
    0x08001424   0x0000007c   Code   RO         1808    i.OS_EventTaskWait  os_core.o
    0x080014a0   0x0000001c   Code   RO         1809    i.OS_EventWaitListInit  os_core.o
    0x080014bc   0x00000058   Code   RO         1987    i.OS_FlagInit       os_flag.o
    0x08001514   0x00000054   Code   RO         1810    i.OS_InitEventList  os_core.o
    0x08001568   0x00000054   Code   RO         1811    i.OS_InitMisc       os_core.o
    0x080015bc   0x00000044   Code   RO         1812    i.OS_InitRdyList    os_core.o
    0x08001600   0x00000080   Code   RO         1813    i.OS_InitTCBList    os_core.o
    0x08001680   0x00000050   Code   RO         1814    i.OS_InitTaskIdle   os_core.o
    0x080016d0   0x00000050   Code   RO         1815    i.OS_InitTaskStat   os_core.o
    0x08001720   0x00000012   Code   RO         1816    i.OS_MemClr         os_core.o
    0x08001732   0x00000002   PAD
    0x08001734   0x00000050   Code   RO         2176    i.OS_QInit          os_q.o
    0x08001784   0x00000074   Code   RO         1818    i.OS_Sched          os_core.o
    0x080017f8   0x0000002c   Code   RO         1819    i.OS_SchedNew       os_core.o
    0x08001824   0x00000134   Code   RO         1821    i.OS_TCBInit        os_core.o
    0x08001958   0x00000028   Code   RO         1822    i.OS_TaskIdle       os_core.o
    0x08001980   0x00000088   Code   RO         1823    i.OS_TaskStat       os_core.o
    0x08001a08   0x0000003c   Code   RO         1824    i.OS_TaskStatStkChk  os_core.o
    0x08001a44   0x0000001a   Code   RO         2306    i.OS_TaskStkClr     os_task.o
    0x08001a5e   0x00000002   PAD
    0x08001a60   0x0000000c   Code   RO         1562    i.PWR_BackupAccessCmd  stm32f10x_pwr.o
    0x08001a6c   0x00000020   Code   RO          889    i.RCC_AHBPeriphClockCmd  stm32f10x_rcc.o
    0x08001a8c   0x00000020   Code   RO          890    i.RCC_APB1PeriphClockCmd  stm32f10x_rcc.o
    0x08001aac   0x00000020   Code   RO          892    i.RCC_APB2PeriphClockCmd  stm32f10x_rcc.o
    0x08001acc   0x0000000c   Code   RO          895    i.RCC_BackupResetCmd  stm32f10x_rcc.o
    0x08001ad8   0x000000d4   Code   RO          900    i.RCC_GetClocksFreq  stm32f10x_rcc.o
    0x08001bac   0x0000003c   Code   RO          901    i.RCC_GetFlagStatus  stm32f10x_rcc.o
    0x08001be8   0x0000000c   Code   RO          909    i.RCC_LSICmd        stm32f10x_rcc.o
    0x08001bf4   0x0000000c   Code   RO          915    i.RCC_RTCCLKCmd     stm32f10x_rcc.o
    0x08001c00   0x00000010   Code   RO          916    i.RCC_RTCCLKConfig  stm32f10x_rcc.o
    0x08001c10   0x00000010   Code   RO         1395    i.RTC_ClearITPendingBit  stm32f10x_rtc.o
    0x08001c20   0x000000e8   Code   RO          620    i.RTC_Config        rtc.o
    0x08001d08   0x00000014   Code   RO         1396    i.RTC_EnterConfigMode  stm32f10x_rtc.o
    0x08001d1c   0x00000014   Code   RO         1397    i.RTC_ExitConfigMode  stm32f10x_rtc.o
    0x08001d30   0x00000100   Code   RO          621    i.RTC_Get           rtc.o
    0x08001e30   0x00000014   Code   RO         1398    i.RTC_GetCounter    stm32f10x_rtc.o
    0x08001e44   0x00000024   Code   RO         1401    i.RTC_GetITStatus   stm32f10x_rtc.o
    0x08001e68   0x00000078   Code   RO          622    i.RTC_Get_Week      rtc.o
    0x08001ee0   0x0000001a   Code   RO          623    i.RTC_IRQHandler    rtc.o
    0x08001efa   0x00000002   PAD
    0x08001efc   0x00000020   Code   RO         1402    i.RTC_ITConfig      stm32f10x_rtc.o
    0x08001f1c   0x00000008   Code   RO          624    i.RTC_Init          rtc.o
    0x08001f24   0x00000022   Code   RO          625    i.RTC_NVIC_Config   rtc.o
    0x08001f46   0x00000002   PAD
    0x08001f48   0x000000c8   Code   RO          626    i.RTC_Set           rtc.o
    0x08002010   0x0000001c   Code   RO         1404    i.RTC_SetCounter    stm32f10x_rtc.o
    0x0800202c   0x00000020   Code   RO         1405    i.RTC_SetPrescaler  stm32f10x_rtc.o
    0x0800204c   0x00000014   Code   RO         1406    i.RTC_WaitForLastTask  stm32f10x_rtc.o
    0x08002060   0x00000024   Code   RO         1407    i.RTC_WaitForSynchro  stm32f10x_rtc.o
    0x08002084   0x00000002   Code   RO          260    i.SVC_Handler       stm32f10x_it.o
    0x08002086   0x00000008   Code   RO          306    i.SetSysClock       system_stm32f10x.o
    0x0800208e   0x00000002   PAD
    0x08002090   0x000000e0   Code   RO          307    i.SetSysClockTo72   system_stm32f10x.o
    0x08002170   0x00000028   Code   RO          742    i.SysTick_CLKSourceConfig  misc.o
    0x08002198   0x00000010   Code   RO          358    i.SysTick_Handler   delay.o
    0x080021a8   0x00000060   Code   RO          309    i.SystemInit        system_stm32f10x.o
    0x08002208   0x00000094   Code   RO          155    i.Target1_task      logictask.o
    0x0800229c   0x00000058   Code   RO          198    i.Target2_task      target2.o
    0x080022f4   0x00000058   Code   RO          217    i.Target3_task      plc.o
    0x0800234c   0x00000058   Code   RO          236    i.Target4_task      com2_task.o
    0x080023a4   0x0000007c   Code   RO          537    i.UART4_IRQHandler  usart4.o
    0x08002420   0x0000007c   Code   RO          468    i.USART1_IRQHandler  usart1.o
    0x0800249c   0x00000090   Code   RO          487    i.USART2_IRQHandler  usart2.o
    0x0800252c   0x00000084   Code   RO          506    i.USART3_IRQHandler  usart3.o
    0x080025b0   0x0000001e   Code   RO         1089    i.USART_ClearITPendingBit  stm32f10x_usart.o
    0x080025ce   0x00000018   Code   RO         1092    i.USART_Cmd         stm32f10x_usart.o
    0x080025e6   0x00000012   Code   RO         1093    i.USART_DMACmd      stm32f10x_usart.o
    0x080025f8   0x0000001a   Code   RO         1095    i.USART_GetFlagStatus  stm32f10x_usart.o
    0x08002612   0x00000054   Code   RO         1096    i.USART_GetITStatus  stm32f10x_usart.o
    0x08002666   0x0000004a   Code   RO         1098    i.USART_ITConfig    stm32f10x_usart.o
    0x080026b0   0x000000d8   Code   RO         1099    i.USART_Init        stm32f10x_usart.o
    0x08002788   0x00000008   Code   RO         1109    i.USART_SendData    stm32f10x_usart.o
    0x08002790   0x00000004   Code   RO          261    i.UsageFault_Handler  stm32f10x_it.o
    0x08002794   0x0000005c   Code   RO          359    i.delay_init        delay.o
    0x080027f0   0x00000048   Code   RO          360    i.delay_ms          delay.o
    0x08002838   0x0000004c   Code   RO          361    i.delay_us          delay.o
    0x08002884   0x00000002   Code   RO          156    i.device_test       logictask.o
    0x08002886   0x00000002   PAD
    0x08002888   0x00000028   Code   RO            2    i.main              main.o
    0x080028b0   0x00000058   Code   RO          723    i.plcmodule_init    plcmodule.o
    0x08002908   0x00000050   Code   RO          157    i.receive_msg_from_com1  logictask.o
    0x08002958   0x00000050   Code   RO          159    i.receive_msg_from_com4  logictask.o
    0x080029a8   0x00000030   Code   RO          199    i.send_to_com1      target2.o
    0x080029d8   0x00000030   Code   RO          237    i.send_to_com2      com2_task.o
    0x08002a08   0x00000030   Code   RO          218    i.send_to_com4      plc.o
    0x08002a38   0x00000078   Code   RO            3    i.start_task        main.o
    0x08002ab0   0x000000b8   Code   RO          538    i.uart4_init        usart4.o
    0x08002b68   0x000000a4   Code   RO          469    i.usart1_init       usart1.o
    0x08002c0c   0x000000a4   Code   RO          488    i.usart2_init       usart2.o
    0x08002cb0   0x000000cc   Code   RO          509    i.usart3_init       usart3.o
    0x08002d7c   0x000000d8   Code   RO            4    i.usart_init        main.o
    0x08002e54   0x00000018   Data   RO          628    .constdata          rtc.o
    0x08002e6c   0x00000100   Data   RO         1826    .constdata          os_core.o
    0x08002f6c   0x00000020   Data   RO         2684    Region$$Table       anon$$obj.o


    Execution Region RW_IRAM1 (Base: 0x20000000, Size: 0x000020c8, Max: 0x0000c000, ABSOLUTE)

    Base Addr    Size         Type   Attr      Idx    E Section Name        Object

    0x20000000   0x00000060   Data   RW          160    .data               logictask.o
    0x20000060   0x00000014   Data   RW          310    .data               system_stm32f10x.o
    0x20000074   0x00000004   Data   RW          362    .data               delay.o
    0x20000078   0x00000002   Data   RW          564    .data               dma.o
    0x2000007a   0x00000001   Data   RW          600    .data               interrupt.o
    0x2000007b   0x00000001   PAD
    0x2000007c   0x00000004   Data   RW          629    .data               rtc.o
    0x20000080   0x00000014   Data   RW          920    .data               stm32f10x_rcc.o
    0x20000094   0x00000048   Data   RW         1827    .data               os_core.o
    0x200000dc   0x00000900   Zero   RW            5    .bss                main.o
    0x200009dc   0x00000440   Zero   RW          409    .bss                usart.o
    0x20000e1c   0x00000014   Zero   RW          627    .bss                rtc.o
    0x20000e30   0x00000c38   Zero   RW         1825    .bss                os_core.o
    0x20001a68   0x00000060   Zero   RW         2561    .bss                c_w.l(libspace.o)
    0x20001ac8   0x00000200   Zero   RW          341    HEAP                startup_stm32f10x_hd.o
    0x20001cc8   0x00000400   Zero   RW          340    STACK               startup_stm32f10x_hd.o


==============================================================================

Image component sizes


      Code (inc. data)   RO Data    RW Data    ZI Data      Debug   Object Name

        16          0          0          0          0        443   bsp.o
       136         18          0          0          0       1669   com2_task.o
       256         32          0          4          0       2277   delay.o
       308         32          0          2          0       1879   dma.o
        60         10          0          1          0        740   interrupt.o
       310         50          0         96          0       3550   logictask.o
       464        108          0          0       2304     254690   main.o
       172         22          0          0          0       2033   misc.o
      2180        396        256         72       3128      20771   os_core.o
       180         36          0          0          0        332   os_cpu_a.o
       170          0          0          0          0      12695   os_cpu_c.o
        88         14          0          0          0        582   os_flag.o
        80          8          0          0          0        555   os_q.o
       400         22          0          0          0       2350   os_sem.o
       790         64          0          0          0       5212   os_task.o
       244         34          0          0          0       1840   os_time.o
       136         18          0          0          0       1477   plc.o
        88         10          0          0          0        573   plcmodule.o
       934         42         24          4         20       6232   rtc.o
        64         26        304          0       1536        832   startup_stm32f10x_hd.o
        72         10          0          0          0       2648   stm32f10x_bkp.o
       428          8          0          0          0       4500   stm32f10x_dma.o
        52         12          0          0          0       1108   stm32f10x_exti.o
       304          0          0          0          0       3604   stm32f10x_gpio.o
        22          0          0          0          0       2967   stm32f10x_it.o
        12          6          0          0          0        506   stm32f10x_pwr.o
       420         64          0         20          0       7615   stm32f10x_rcc.o
       260         48          0          0          0       5064   stm32f10x_rtc.o
       480          6          0          0          0       6742   stm32f10x_usart.o
        12          0          0          0          0        449   sys.o
       328         28          0         20          0       2137   system_stm32f10x.o
       136         18          0          0          0       1533   target2.o
       176         48          0          0       1088       2834   usart.o
       288         24          0          0          0       1250   usart1.o
       308         24          0          0          0       1270   usart2.o
       336         22          0          0          0       1278   usart3.o
       308         24          0          0          0       1328   usart4.o

    ----------------------------------------------------------------------
     11046       1284        616        220       8076     367565   Object Totals
         0          0         32          0          0          0   (incl. Generated)
        28          0          0          1          0          0   (incl. Padding)

    ----------------------------------------------------------------------

      Code (inc. data)   RO Data    RW Data    ZI Data      Debug   Library Member Name

         8          0          0          0          0         68   __main.o
        52          8          0          0          0          0   __scatter.o
        26          0          0          0          0          0   __scatter_copy.o
        28          0          0          0          0          0   __scatter_zi.o
        12          0          0          0          0         72   exit.o
         6          0          0          0          0        152   heapauxi.o
         0          0          0          0          0          0   indicate_semi.o
         2          0          0          0          0          0   libinit.o
         2          0          0          0          0          0   libinit2.o
         2          0          0          0          0          0   libshutdown.o
         2          0          0          0          0          0   libshutdown2.o
         8          4          0          0         96         68   libspace.o
       138          0          0          0          0         68   rt_memcpy_v6.o
       100          0          0          0          0         80   rt_memcpy_w.o
         0          0          0          0          0          0   rtentry.o
        12          0          0          0          0          0   rtentry2.o
         6          0          0          0          0          0   rtentry4.o
         2          0          0          0          0          0   rtexit.o
        10          0          0          0          0          0   rtexit2.o
        12          4          0          0          0         68   sys_exit.o
        74          0          0          0          0         80   sys_stackheap_outer.o
         2          0          0          0          0         68   use_no_semi.o

    ----------------------------------------------------------------------
       510         16          0          0         96        724   Library Totals
         6          0          0          0          0          0   (incl. Padding)

    ----------------------------------------------------------------------

      Code (inc. data)   RO Data    RW Data    ZI Data      Debug   Library Name

       504         16          0          0         96        724   c_w.l

    ----------------------------------------------------------------------
       510         16          0          0         96        724   Library Totals

    ----------------------------------------------------------------------

==============================================================================


      Code (inc. data)   RO Data    RW Data    ZI Data      Debug   

     11556       1300        616        220       8172     360797   Grand Totals
     11556       1300        616        220       8172     360797   ELF Image Totals
     11556       1300        616        220          0          0   ROM Totals

==============================================================================

    Total RO  Size (Code + RO Data)                12172 (  11.89kB)
    Total RW  Size (RW Data + ZI Data)              8392 (   8.20kB)
    Total ROM Size (Code + RO Data + RW Data)      12392 (  12.10kB)

==============================================================================

