<html>
<body>
<pre>
<h1>µVision Build Log</h1>
<h2>Tool Versions:</h2>
IDE-Version: ¦ÌVision V5.14.2
Copyright (C) 2015 ARM Ltd and ARM Germany GmbH. All rights reserved.
License Information: Cortex-M3, a, LIC=76FVE-5Z2E5-2L9CT-RAB31-TR575-FTXTE
 
Tool Versions:
Toolchain:       MDK-ARM Standard  Version: 5.11.0.0
Toolchain Path:  C:\Keil_v5\ARM\ARMCC\Bin
C Compiler:      Armcc.exe V5.04 update 1 (build 49)
Assembler:       Armasm.exe V5.04 update 1 (build 49)
Linker/Locator:  ArmLink.exe V5.04 update 1 (build 49)
Library Manager: ArmAr.exe V5.04 update 1 (build 49)
Hex Converter:   FromElf.exe V5.04 update 1 (build 49)
CPU DLL:         SARMCM3.DLL V5.11.0.0
Dialog DLL:      DCM.DLL V1.11.0.0
Target DLL:      Segger\JL2CM3.dll V2.97.0.0
Dialog DLL:      TCM.DLL V1.14.1.0
 
<h2>Project:</h2>
\\Mac\Home\Documents\GitHub\STM32_PLCCC\son_mode_test\USER\test.uvprojx
Project File Date:  06/06/2018

<h2>Output:</h2>
*** Using Compiler 'V5.04 update 1 (build 49)', folder: 'C:\Keil_v5\ARM\ARMCC\Bin'
Build target 'Target 1'
compiling LogicTask.c...
LogicTask.c(62): warning:  #177-D: variable "err" was declared but never referenced
        u8 err = 0;
LogicTask.c: 1 warning, 0 errors
linking...
Program Size: Code=13264 RO-data=616 RW-data=440 ZI-data=8416  
FromELF: creating hex file...
"..\OBJ\test.axf" - 0 Error(s), 1 Warning(s).

<h2>Collection of Component include folders:</h2>
  \\Mac\Home\Documents\GitHub\STM32_PLCCC\son_mode_test\USER\RTE
  C:\Keil_v5\ARM\PACK\Keil\STM32F1xx_DFP\2.1.0\Device\Include

<h2>Collection of Component Files used:</h2>
</pre>
</body>
</html>
